rst:0x1 (POWERON_RESET),boot:0x13 (SPI_FAST_FLASH_BOOT)
configsip: 0, SPIWP:0xee
clk_drv:0x00,q_drv:0x00,d_drv:0x00,cs0_drv:0x00,hd_drv:0x00,wp_drv:0x00
mode:DIO, clock div:1
load:0x3fff0030,len:4876
ho 0 tail 12 room 4
load:0x40078000,len:16532
load:0x40080400,len:3500
entry 0x400805b4

=== AetherNet Gateway ESP32 Starting ===
UART to MEGA initialized
nRF24L01 initialized
Connecting to WiFi FELIPE.........
WiFi connected: 192.168.1.23
[MEGA UART RX] STATUS:{"door_locked":true,"laser_armed":true,"laser_beam_intact":false,"free_ram":7238,"uptime_ms":328691}
MQTT reconnecting...connected
[MEGA UART RX] STATUS:{"door_locked":true,"laser_armed":true,"laser_beam_intact":false,"free_ram":7238,"uptime_ms":333691}
[MEGA UART RX] STATUS:{"door_locked":true,"laser_armed":true,"laser_beam_intact":false,"free_ram":7238,"uptime_ms":338691}
[MEGA UART RX] STATUS:{"door_locked":true,"laser_armed":true,"laser_beam_intact":alse,"free_ram":7238,"uptime_ms":343691}
[MEGA UART RX] STATUS:{"door_locked":true,"laser_armed":true,"laser_beam_intact":false,"free_ram":7238,"uptime_ms":348691}
[MEGA UART RX] STATUS:{"door_locked":true,"laser_armed":true,"laser_beam_intact":false,"free_ram":7238,"uptime_ms":353691}
[MEGA UART RX] STATUS:{"door_locked":true,"laser_armed":true,"laser_beam_intact":false,"free_ram":7238,"uptime_ms":358691}
[MEGA UART RX] STATUS:{"door_locked":true,"laser_armed":true,"laser_beam_intact":false,"free_ram":7238,"uptime_ms":363691}
[MEGA UART RX] STATUS:{"door_locked":true,"laser_armed":true,"laser_beam_intact":false,"free_ram":7238,"uptime_ms":368691}
[MEGA UART RX] STATUS:{"door_locked":true,"laser_armed":true,"laser_beam_intact":false,"free_ram":7238,"uptime_ms":373691}
[MEGA UART RX] STATUS:{"door_locked":true,"laser_armed":true,"laser_beam_intact":false,"free_ram":7238,"uptime_ms":378691}
[MEGA UART RX] STATUS:{"door_locked":true,"laser_armed":true,"laser_beam_intact":false,"free_ram":7238,"uptime_ms":383691}
MQTT RX: aethernet/rover/command -> {"left_pwm":120,"right_pwm":120,"mode":1}
RF TX: L=120 R=120 mode=1
[MEGA UART RX] STATUS:{"door_locked":true,"laser_armed":true,"laser_beam_intact":false,"free_ram":7238,"uptime_ms":388691}
[MEGA UART RX] STATUS:{"door_locked":true,"laser_armed":true,"laser_beam_intact":false,"free_ram":7238,"uptime_ms":393691}
MQTT RX: aethernet/rover/command -> {"left_pwm":195,"right_pwm":0,"mode":1}
RF TX: L=195 R=0 mode=1
MQTT RX: aethernet/rover/command -> {"left_pwm":146,"right_pwm":0,"mode":1}
RF TX: L=146 R=0 mode=1
MQTT RX: aethernet/rover/command -> {"left_pwm":0,"right_pwm":0,"mode":0}
RF TX: L=0 R=0 mode=0
MQTT RX: aethernet/rover/command -> {"left_pwm":0,"right_pwm":0,"mode":0}
RF TX: L=0 R=0 mode=0
MQTT RX: aethernet/rover/command -> {"left_pwm":0,"right_pwm":-198,"mode":1}
RF TX: L=0 R=-198 mode=1
MQTT RX: aethernet/rover/command -> {"left_pwm":142,"right_pwm":-181,"mode":1}
RF TX: L=142 R=-181 mode=1
MQTT RX: aethernet/rover/command -> {"left_pwm":233,"right_pwm":-67,"mode":1}
RF TX: L=233 R=-67 mode=1
MQTT RX: aethernet/rover/command -> {"left_pwm":247,"right_pwm":0,"mode":1}
RF TX: L=247 R=0 mode=1
MQTT RX: aethernet/rover/command -> {"left_pwm":201,"right_pwm":126,"mode":1}
RF TX: L=201 R=126 mode=1
MQTT RX: aethernet/rover/command -> {"left_pwm":95,"right_pwm":156,"mode":1}
RF TX: L=95 R=156 mode=1
MQTT RX: aethernet/rover/command -> {"left_pwm":0,"right_pwm":110,"mode":1}
RF TX: L=0 R=110 mode=1
MQTT RX: aethernet/rover/command -> {"left_pwm":0,"right_pwm":0,"mode":0}
RF TX: L=0 R=0 mode=0
