aethernet/mega/status {"door_locked":true,"laser_armed":true,"laser_beam_intact":true,"free_ram":7241,"uptime_ms":355006}
aethernet/mega/status {"door_locked":true,"laser_armed":true,"laser_beam_intact":true,"free_ram":7241,"uptime_ms":360006}
aethernet/mega/status {"door_locked":true,"laser_armed":true,"laser_beam_intact":true,"free_ram":7241,"uptime_ms":365006}
aethernet/mega/status {"door_locked":true,"laser_armed":true,"laser_beam_intact":true,"free_ram":7241,"uptime_ms":370006}
aethernet/system/status {"status":"heartbeat","wifi_rssi":-66,"free_heap":218388,"uptime_ms":746122,"rf_connected":false}
aethernet/mega/status {"door_locked":true,"laser_armed":true,"laser_beam_intact":true,"free_ram":7241,"uptime_ms":375006}
aethernet/mega/status {"door_locked":true,"laser_armed":true,"laser_beam_intact":true,"free_ram":7241,"uptime_ms":380006}
aethernet/mega/status {"door_locked":true,"laser_armed":true,"laser_beam_intact":true,"free_ram":7241,"uptime_ms":385006}
aethernet/mega/status {"door_locked":true,"laser_armed":true,"laser_beam_intact":true,"free_ram":7241,"uptime_ms":390006}
aethernet/mega/status {"door_locked":true,"laser_armed":true,"laser_beam_intact":true,"free_ram":7241,"uptime_ms":395006}
aethernet/mega/status {"door_locked":true,"laser_armed":true,"laser_beam_intact":true,"free_ram":7241,"uptime_ms":400006}
aethernet/system/status {"status":"heartbeat","wifi_rssi":-63,"free_heap":218388,"uptime_ms":776132,"rf_connected":false}
aethernet/mega/status {"door_locked":true,"laser_armed":true,"laser_beam_intact":true,"free_ram":7241,"uptime_ms":405006}
aethernet/mega/status {"door_locked":true,"laser_armed":true,"laser_beam_intact":true,"free_ram":7241,"uptime_ms":415006}
aethernet/mega/status {"door_locked":true,"laser_armed":true,"laser_beam_intact":true,"free_ram":7241,"uptime_ms":420006}
aethernet/mega/status {"door_locked":true,"laser_armed":true,"laser_beam_intact":true,"free_ram":7241,"uptime_ms":425006}
aethernet/mega/status {"door_locked":true,"laser_armed":true,"laser_beam_intact":true,"free_ram":7241,"uptime_ms":430006}
aethernet/mega/status {"door_locked":true,"laser_armed":true,"laser_beam_intact":true,"free_ram":7241,"uptime_ms":5}
aethernet/system/status {"status":"heartbeat","wifi_rssi":-67,"free_heap":218376,"uptime_ms":30005,"rf_connected":false}
aethernet/mega/status {"door_locked":true,"laser_armed":true,"laser_beam_intact":true,"free_ram":7241,"uptime_ms":5005}
aethernet/mega/status {"door_locked":true,"laser_armed":true,"laser_beam_intact":true,"free_ram":7241,"uptime_ms":10005}
aethernet/mega/status {"door_locked":true,"laser_armed":true,"laser_beam_intact":true,"free_ram":7241,"uptime_ms":15005}
aethernet/mega/status {"door_locked":true,"laser_armed":true,"laser_beam_intact":true,"free_ram":7241,"uptime_ms":25005}
aethernet/mega/status {"door_locked":true,"laser_armed":true,"laser_beam_intact":true,"free_ram":7241,"uptime_ms":30005}
aethernet/mega/status {"door_locked":true,"laser_armed":true,"laser_beam_intact":true,"free_ram":7241,"uptime_ms":35005}
aethernet/mega/status {"door_locked":true,"laser_armed":true,"laser_beam_intact":true,"free_ram":7241,"uptime_ms":40005}
aethernet/mega/status {"door_locked":true,"laser_armed":true,"laser_beam_intact":true,"free_ram":7241,"uptime_ms":45005}
aethernet/system/status {"status":"heartbeat","wifi_rssi":-69,"free_heap":218352,"uptime_ms":30010,"rf_connected":false}
aethernet/mega/status {"door_locked":true,"laser_armed":true,"laser_beam_intact":true,"free_ram":7241,"uptime_ms":50006}
aethernet/mega/status {"door_locked":true,"laser_armed":true,"laser_beam_intact":true,"free_ram":7241,"uptime_ms":55006}
aethernet/mega/status {"door_locked":true,"laser_armed":true,"laser_beam_intact":true,"free_ram":7241,"uptime_ms":60006}
aethernet/mega/status {"door_locked":true,"laser_armed":true,"laser_beam_intact":true,"free_ram":7241,"uptime_ms":65006}
aethernet/mega/status {"door_locked":true,"laser_armed":true,"laser_beam_intact":true,"free_ram":7241,"uptime_ms":70006}
aethernet/mega/status {"door_locked":true,"laser_armed":true,"laser_beam_intact":true,"free_ram":7241,"uptime_ms":75006}
aethernet/system/status {"status":"heartbeat","wifi_rssi":-68,"free_heap":218352,"uptime_ms":60022,"rf_connected":false}
aethernet/access/event {"user_id":"keypad_user","pin_hash":"7c78c98f","success":true,"timestamp":78192,"source":"keypad"}
aethernet/rover/telemetry {"left_pwm":0,"right_pwm":0,"ultrasonic_cm":0,"ir_left":false,"ir_center":false,"ir_right":false,"rf_rssi":0,"timestamp":62440}
aethernet/mega/status {"door_locked":false,"laser_armed":true,"laser_beam_intact":true,"free_ram":7238,"uptime_ms":80006}
aethernet/mega/status {"door_locked":true,"laser_armed":true,"laser_beam_intact":true,"free_ram":7238,"uptime_ms":85006}
aethernet/mega/status {"door_locked":true,"laser_armed":true,"laser_beam_intact":true,"free_ram":7238,"uptime_ms":90006}
aethernet/seguridad/intrusion {"event_type":"intrusion","sensor":"laser-01","location":"entrance","severity":"high","timestamp":91773}
aethernet/mega/status {"door_locked":true,"laser_armed":true,"laser_beam_intact":false,"free_ram":7238,"uptime_ms":95006}
aethernet/mega/status {"door_locked":true,"laser_armed":true,"laser_beam_intact":false,"free_ram":7238,"uptime_ms":100006}
aethernet/mega/status {"door_locked":true,"laser_armed":true,"laser_beam_intact":false,"free_ram":7238,"uptime_ms":105006}
aethernet/system/status {"status":"heartbeat","wifi_rssi":-75,"free_heap":217876,"uptime_ms":90032,"rf_connected":false}
aethernet/mega/status {"door_locked":true,"laser_armed":true,"laser_beam_intact":false,"free_ram":7238,"uptime_ms":110006}
aethernet/mega/status {"door_locked":true,"laser_armed":true,"laser_beam_intact":false,"free_ram":7238,"uptime_ms":115006}
aethernet/mega/status {"door_locked":true,"laser_armed":true,"laser_beam_intact":false,"free_ram":7238,"uptime_ms":120006}
aethernet/access/event {"user_id":"keypad_user","pin_hash":"7c78c98f","success":true,"timestamp":123607,"source":"keypad"}
aethernet/mega/status {"door_locked":false,"laser_armed":true,"laser_beam_intact":false,"free_ram":7238,"uptime_ms":125006}
aethernet/mega/status {"door_locked":true,"laser_armed":true,"laser_beam_intact":false,"free_ram":7238,"uptime_ms":130006}
aethernet/mega/status {"door_locked":true,"laser_armed":true,"laser_beam_intact":false,"free_ram":7238,"uptime_ms":135006}
aethernet/access/command {"pin":"1234"}
aethernet/access/event {"user_id":"keypad_user","pin_hash":"7c78c98f","success":true,"timestamp":135505,"source":"keypad"}
aethernet/system/status {"status":"heartbeat","wifi_rssi":-65,"free_heap":217356,"uptime_ms":120035,"rf_connected":false}
aethernet/mega/status {"door_locked":false,"laser_armed":true,"laser_beam_intact":false,"free_ram":7238,"uptime_ms":140006}
aethernet/rover/command {"left_pwm":0,"right_pwm":0,"mode":0}
aethernet/rover/command {"left_pwm":0,"right_pwm":0,"mode":0}
aethernet/rover/command {"left_pwm":0,"right_pwm":63,"mode":1}
aethernet/rover/command {"left_pwm":-78,"right_pwm":77,"mode":1}
aethernet/rover/command {"left_pwm":-121,"right_pwm":65,"mode":1}
aethernet/rover/command {"left_pwm":-145,"right_pwm":0,"mode":1}
aethernet/rover/command {"left_pwm":-159,"right_pwm":0,"mode":1}
aethernet/rover/telemetry {"left_pwm":0,"right_pwm":0,"ultrasonic_cm":0,"ir_left":true,"ir_center":true,"ir_right":true,"rf_rssi":-70,"timestamp":127518}
aethernet/rover/telemetry {"left_pwm":0,"right_pwm":0,"ultrasonic_cm":0,"ir_left":true,"ir_center":true,"ir_right":true,"rf_rssi":-70,"timestamp":127534}
aethernet/rover/command {"left_pwm":-157,"right_pwm":0,"mode":1}
aethernet/rover/telemetry {"left_pwm":0,"right_pwm":0,"ultrasonic_cm":0,"ir_left":true,"ir_center":true,"ir_right":true,"rf_rssi":-70,"timestamp":127548}
aethernet/rover/command {"left_pwm":-143,"right_pwm":0,"mode":1}
aethernet/rover/command {"left_pwm":-107,"right_pwm":-96,"mode":1}
aethernet/rover/command {"left_pwm":0,"right_pwm":-129,"mode":1}
aethernet/rover/command {"left_pwm":0,"right_pwm":-132,"mode":1}
aethernet/rover/telemetry {"left_pwm":0,"right_pwm":0,"ultrasonic_cm":0,"ir_left":true,"ir_center":true,"ir_right":true,"rf_rssi":-70,"timestamp":127564}
aethernet/rover/telemetry {"left_pwm":0,"right_pwm":0,"ultrasonic_cm":0,"ir_left":true,"ir_center":true,"ir_right":true,"rf_rssi":-70,"timestamp":127584}
aethernet/rover/telemetry {"left_pwm":0,"right_pwm":63,"ultrasonic_cm":0,"ir_left":true,"ir_center":true,"ir_right":true,"rf_rssi":-70,"timestamp":127599}
aethernet/rover/telemetry {"left_pwm":-78,"right_pwm":77,"ultrasonic_cm":0,"ir_left":true,"ir_center":true,"ir_right":true,"rf_rssi":-70,"timestamp":127631}
aethernet/rover/telemetry {"left_pwm":-121,"right_pwm":65,"ultrasonic_cm":0,"ir_left":true,"ir_center":true,"ir_right":true,"rf_rssi":-70,"timestamp":127663}
aethernet/rover/telemetry {"left_pwm":-145,"right_pwm":0,"ultrasonic_cm":0,"ir_left":true,"ir_center":true,"ir_right":true,"rf_rssi":-70,"timestamp":127810}
aethernet/rover/command {"left_pwm":63,"right_pwm":-118,"mode":1}
aethernet/rover/telemetry {"left_pwm":-159,"right_pwm":0,"ultrasonic_cm":0,"ir_left":true,"ir_center":true,"ir_right":true,"rf_rssi":-70,"timestamp":127825}
aethernet/rover/telemetry {"left_pwm":-157,"right_pwm":0,"ultrasonic_cm":0,"ir_left":true,"ir_center":true,"ir_right":true,"rf_rssi":-70,"timestamp":127839}
aethernet/rover/command {"left_pwm":115,"right_pwm":-79,"mode":1}
aethernet/rover/telemetry {"left_pwm":-143,"right_pwm":0,"ultrasonic_cm":0,"ir_left":true,"ir_center":true,"ir_right":true,"rf_rssi":-70,"timestamp":127858}
aethernet/rover/telemetry {"left_pwm":-107,"right_pwm":-96,"ultrasonic_cm":0,"ir_left":true,"ir_center":true,"ir_right":true,"rf_rssi":-70,"timestamp":127879}
aethernet/rover/command {"left_pwm":150,"right_pwm":0,"mode":1}
aethernet/rover/telemetry {"left_pwm":0,"right_pwm":-129,"ultrasonic_cm":0,"ir_left":true,"ir_center":true,"ir_right":true,"rf_rssi":-70,"timestamp":127946}
aethernet/rover/command {"left_pwm":155,"right_pwm":0,"mode":1}
aethernet/rover/telemetry {"left_pwm":0,"right_pwm":-132,"ultrasonic_cm":0,"ir_left":true,"ir_center":true,"ir_right":true,"rf_rssi":-70,"timestamp":128014}
aethernet/rover/command {"left_pwm":131,"right_pwm":89,"mode":1}
aethernet/rover/telemetry {"left_pwm":63,"right_pwm":-118,"ultrasonic_cm":0,"ir_left":true,"ir_center":true,"ir_right":true,"rf_rssi":-70,"timestamp":128058}
aethernet/rover/command {"left_pwm":93,"right_pwm":129,"mode":1}
aethernet/rover/telemetry {"left_pwm":150,"right_pwm":0,"ultrasonic_cm":0,"ir_left":true,"ir_center":true,"ir_right":true,"rf_rssi":-70,"timestamp":128124}
aethernet/rover/command {"left_pwm":0,"right_pwm":143,"mode":1}
aethernet/rover/telemetry {"left_pwm":155,"right_pwm":0,"ultrasonic_cm":0,"ir_left":true,"ir_center":true,"ir_right":true,"rf_rssi":-70,"timestamp":128173}
aethernet/rover/command {"left_pwm":0,"right_pwm":121,"mode":1}
aethernet/rover/telemetry {"left_pwm":131,"right_pwm":89,"ultrasonic_cm":0,"ir_left":true,"ir_center":true,"ir_right":true,"rf_rssi":-70,"timestamp":128247}
aethernet/rover/command {"left_pwm":-62,"right_pwm":74,"mode":1}
aethernet/rover/telemetry {"left_pwm":93,"right_pwm":129,"ultrasonic_cm":0,"ir_left":true,"ir_center":true,"ir_right":true,"rf_rssi":-70,"timestamp":128283}
aethernet/rover/command {"left_pwm":-88,"right_pwm":0,"mode":1}
aethernet/rover/telemetry {"left_pwm":0,"right_pwm":121,"ultrasonic_cm":0,"ir_left":true,"ir_center":true,"ir_right":true,"rf_rssi":-70,"timestamp":128347}
aethernet/rover/command {"left_pwm":-94,"right_pwm":0,"mode":1}
aethernet/rover/command {"left_pwm":-84,"right_pwm":-82,"mode":1}
aethernet/rover/telemetry {"left_pwm":0,"right_pwm":121,"ultrasonic_cm":0,"ir_left":true,"ir_center":true,"ir_right":true,"rf_rssi":-70,"timestamp":128451}
aethernet/rover/command {"left_pwm":0,"right_pwm":-156,"mode":1}
aethernet/rover/telemetry {"left_pwm":-62,"right_pwm":74,"ultrasonic_cm":0,"ir_left":true,"ir_center":true,"ir_right":true,"rf_rssi":-70,"timestamp":128477}
aethernet/rover/telemetry {"left_pwm":-88,"right_pwm":0,"ultrasonic_cm":0,"ir_left":true,"ir_center":true,"ir_right":true,"rf_rssi":-70,"timestamp":128533}
aethernet/rover/command {"left_pwm":0,"right_pwm":-226,"mode":1}
aethernet/rover/command {"left_pwm":73,"right_pwm":-255,"mode":1}
aethernet/rover/command {"left_pwm":140,"right_pwm":-255,"mode":1}
aethernet/rover/telemetry {"left_pwm":-94,"right_pwm":0,"ultrasonic_cm":0,"ir_left":true,"ir_center":true,"ir_right":true,"rf_rssi":-70,"timestamp":128756}
aethernet/rover/command {"left_pwm":217,"right_pwm":-241,"mode":1}
aethernet/rover/telemetry {"left_pwm":-84,"right_pwm":-82,"ultrasonic_cm":0,"ir_left":true,"ir_center":true,"ir_right":true,"rf_rssi":-70,"timestamp":128777}
aethernet/rover/command {"left_pwm":255,"right_pwm":-170,"mode":1}
aethernet/rover/command {"left_pwm":255,"right_pwm":-69,"mode":1}
aethernet/rover/command {"left_pwm":255,"right_pwm":0,"mode":1}
aethernet/rover/command {"left_pwm":226,"right_pwm":96,"mode":1}
aethernet/rover/command {"left_pwm":148,"right_pwm":143,"mode":1}
aethernet/rover/telemetry {"left_pwm":0,"right_pwm":-156,"ultrasonic_cm":0,"ir_left":true,"ir_center":true,"ir_right":true,"rf_rssi":-70,"timestamp":128791}
aethernet/rover/command {"left_pwm":0,"right_pwm":153,"mode":1}
aethernet/rover/telemetry {"left_pwm":0,"right_pwm":-226,"ultrasonic_cm":0,"ir_left":true,"ir_center":true,"ir_right":true,"rf_rssi":-70,"timestamp":129059}
aethernet/mega/status {"door_locked":true,"laser_armed":true,"laser_beam_intact":false,"free_ram":7238,"uptime_ms":145006}
aethernet/rover/command {"left_pwm":0,"right_pwm":139,"mode":1}
aethernet/rover/telemetry {"left_pwm":73,"right_pwm":-255,"ultrasonic_cm":0,"ir_left":true,"ir_center":true,"ir_right":true,"rf_rssi":-70,"timestamp":129095}
aethernet/rover/command {"left_pwm":-88,"right_pwm":102,"mode":1}
aethernet/rover/command {"left_pwm":-131,"right_pwm":0,"mode":1}
aethernet/rover/command {"left_pwm":-146,"right_pwm":-91,"mode":1}
aethernet/rover/command {"left_pwm":-124,"right_pwm":-184,"mode":1}
aethernet/rover/telemetry {"left_pwm":140,"right_pwm":-255,"ultrasonic_cm":0,"ir_left":true,"ir_center":true,"ir_right":true,"rf_rssi":-70,"timestamp":129116}
aethernet/rover/telemetry {"left_pwm":217,"right_pwm":-241,"ultrasonic_cm":0,"ir_left":true,"ir_center":true,"ir_right":true,"rf_rssi":-70,"timestamp":129132}
aethernet/rover/telemetry {"left_pwm":255,"right_pwm":-170,"ultrasonic_cm":0,"ir_left":true,"ir_center":true,"ir_right":true,"rf_rssi":-70,"timestamp":129150}
aethernet/rover/telemetry {"left_pwm":255,"right_pwm":-69,"ultrasonic_cm":0,"ir_left":true,"ir_center":true,"ir_right":true,"rf_rssi":-70,"timestamp":129184}
aethernet/rover/telemetry {"left_pwm":255,"right_pwm":0,"ultrasonic_cm":0,"ir_left":true,"ir_center":true,"ir_right":true,"rf_rssi":-70,"timestamp":129200}
aethernet/rover/telemetry {"left_pwm":226,"right_pwm":96,"ultrasonic_cm":0,"ir_left":true,"ir_center":true,"ir_right":true,"rf_rssi":-70,"timestamp":129216}
aethernet/rover/telemetry {"left_pwm":148,"right_pwm":143,"ultrasonic_cm":0,"ir_left":true,"ir_center":true,"ir_right":true,"rf_rssi":-70,"timestamp":129342}
aethernet/rover/command {"left_pwm":-63,"right_pwm":-255,"mode":1}
aethernet/rover/command {"left_pwm":0,"right_pwm":-255,"mode":1}
aethernet/rover/command {"left_pwm":74,"right_pwm":-255,"mode":1}
aethernet/rover/command {"left_pwm":137,"right_pwm":-255,"mode":1}
aethernet/rover/command {"left_pwm":193,"right_pwm":-255,"mode":1}
aethernet/rover/command {"left_pwm":241,"right_pwm":-255,"mode":1}
aethernet/rover/telemetry {"left_pwm":0,"right_pwm":153,"ultrasonic_cm":0,"ir_left":true,"ir_center":true,"ir_right":true,"rf_rssi":-70,"timestamp":129358}
aethernet/rover/telemetry {"left_pwm":0,"right_pwm":139,"ultrasonic_cm":0,"ir_left":true,"ir_center":true,"ir_right":true,"rf_rssi":-70,"timestamp":129373}
aethernet/rover/telemetry {"left_pwm":-88,"right_pwm":102,"ultrasonic_cm":0,"ir_left":true,"ir_center":true,"ir_right":true,"rf_rssi":-70,"timestamp":129388}
aethernet/rover/telemetry {"left_pwm":-131,"right_pwm":0,"ultrasonic_cm":0,"ir_left":true,"ir_center":true,"ir_right":true,"rf_rssi":-70,"timestamp":129651}
aethernet/rover/command {"left_pwm":255,"right_pwm":-224,"mode":1}
aethernet/rover/telemetry {"left_pwm":-146,"right_pwm":-91,"ultrasonic_cm":0,"ir_left":true,"ir_center":true,"ir_right":true,"rf_rssi":-70,"timestamp":129677}
aethernet/rover/telemetry {"left_pwm":-124,"right_pwm":-184,"ultrasonic_cm":0,"ir_left":true,"ir_center":true,"ir_right":true,"rf_rssi":-70,"timestamp":129691}
aethernet/rover/telemetry {"left_pwm":-63,"right_pwm":-255,"ultrasonic_cm":0,"ir_left":true,"ir_center":true,"ir_right":true,"rf_rssi":-70,"timestamp":129715}
aethernet/rover/command {"left_pwm":255,"right_pwm":-154,"mode":1}
aethernet/rover/telemetry {"left_pwm":0,"right_pwm":-255,"ultrasonic_cm":0,"ir_left":true,"ir_center":true,"ir_right":true,"rf_rssi":-70,"timestamp":129729}
aethernet/rover/telemetry {"left_pwm":74,"right_pwm":-255,"ultrasonic_cm":0,"ir_left":true,"ir_center":true,"ir_right":true,"rf_rssi":-70,"timestamp":129743}
aethernet/rover/command {"left_pwm":255,"right_pwm":-74,"mode":1}
aethernet/rover/telemetry {"left_pwm":137,"right_pwm":-255,"ultrasonic_cm":0,"ir_left":true,"ir_center":true,"ir_right":true,"rf_rssi":-70,"timestamp":129789}
aethernet/rover/command {"left_pwm":220,"right_pwm":0,"mode":1}
aethernet/rover/telemetry {"left_pwm":193,"right_pwm":-255,"ultrasonic_cm":0,"ir_left":true,"ir_center":true,"ir_right":true,"rf_rssi":-70,"timestamp":129838}
aethernet/rover/command {"left_pwm":107,"right_pwm":0,"mode":1}
aethernet/rover/command {"left_pwm":0,"right_pwm":0,"mode":0}
aethernet/rover/command {"left_pwm":-82,"right_pwm":0,"mode":1}
aethernet/rover/command {"left_pwm":-131,"right_pwm":0,"mode":1}
aethernet/rover/command {"left_pwm":-160,"right_pwm":0,"mode":1}
aethernet/rover/command {"left_pwm":-168,"right_pwm":-141,"mode":1}
aethernet/rover/telemetry {"left_pwm":241,"right_pwm":-255,"ultrasonic_cm":0,"ir_left":true,"ir_center":true,"ir_right":true,"rf_rssi":-70,"timestamp":129895}
aethernet/rover/command {"left_pwm":-136,"right_pwm":-255,"mode":1}
aethernet/rover/telemetry {"left_pwm":255,"right_pwm":-224,"ultrasonic_cm":0,"ir_left":true,"ir_center":true,"ir_right":true,"rf_rssi":-70,"timestamp":130271}
aethernet/rover/telemetry {"left_pwm":255,"right_pwm":-74,"ultrasonic_cm":0,"ir_left":true,"ir_center":true,"ir_right":true,"rf_rssi":-70,"timestamp":130288}
aethernet/rover/command {"left_pwm":0,"right_pwm":-255,"mode":1}
aethernet/rover/telemetry {"left_pwm":107,"right_pwm":0,"ultrasonic_cm":0,"ir_left":true,"ir_center":true,"ir_right":true,"rf_rssi":-70,"timestamp":130302}
aethernet/rover/command {"left_pwm":0,"right_pwm":-255,"mode":1}
aethernet/rover/command {"left_pwm":82,"right_pwm":-255,"mode":1}
aethernet/rover/command {"left_pwm":102,"right_pwm":-255,"mode":1}
aethernet/rover/command {"left_pwm":108,"right_pwm":-255,"mode":1}
aethernet/rover/telemetry {"left_pwm":0,"right_pwm":0,"ultrasonic_cm":0,"ir_left":true,"ir_center":true,"ir_right":true,"rf_rssi":-70,"timestamp":130329}
aethernet/rover/telemetry {"left_pwm":-82,"right_pwm":0,"ultrasonic_cm":0,"ir_left":true,"ir_center":true,"ir_right":true,"rf_rssi":-70,"timestamp":130362}
aethernet/rover/telemetry {"left_pwm":-131,"right_pwm":0,"ultrasonic_cm":0,"ir_left":true,"ir_center":true,"ir_right":true,"rf_rssi":-70,"timestamp":130387}
aethernet/rover/telemetry {"left_pwm":-160,"right_pwm":0,"ultrasonic_cm":0,"ir_left":true,"ir_center":true,"ir_right":true,"rf_rssi":-70,"timestamp":130422}
aethernet/rover/telemetry {"left_pwm":-168,"right_pwm":-141,"ultrasonic_cm":0,"ir_left":true,"ir_center":true,"ir_right":true,"rf_rssi":-70,"timestamp":130439}
aethernet/rover/telemetry {"left_pwm":-136,"right_pwm":-255,"ultrasonic_cm":0,"ir_left":true,"ir_center":true,"ir_right":true,"rf_rssi":-70,"timestamp":130563}
aethernet/rover/telemetry {"left_pwm":0,"right_pwm":-255,"ultrasonic_cm":0,"ir_left":true,"ir_center":true,"ir_right":true,"rf_rssi":-70,"timestamp":130597}
aethernet/rover/command {"left_pwm":102,"right_pwm":-255,"mode":1}
aethernet/rover/telemetry {"left_pwm":0,"right_pwm":-255,"ultrasonic_cm":0,"ir_left":true,"ir_center":true,"ir_right":true,"rf_rssi":-70,"timestamp":130621}
aethernet/rover/command {"left_pwm":86,"right_pwm":-255,"mode":1}
aethernet/rover/telemetry {"left_pwm":0,"right_pwm":-255,"ultrasonic_cm":0,"ir_left":true,"ir_center":true,"ir_right":true,"rf_rssi":-70,"timestamp":130640}
aethernet/rover/telemetry {"left_pwm":82,"right_pwm":-255,"ultrasonic_cm":0,"ir_left":true,"ir_center":true,"ir_right":true,"rf_rssi":-70,"timestamp":130656}
aethernet/rover/command {"left_pwm":0,"right_pwm":-255,"mode":1}
aethernet/rover/command {"left_pwm":0,"right_pwm":0,"mode":0}
aethernet/rover/telemetry {"left_pwm":102,"right_pwm":-255,"ultrasonic_cm":0,"ir_left":true,"ir_center":true,"ir_right":true,"rf_rssi":-70,"timestamp":130676}
aethernet/rover/telemetry {"left_pwm":108,"right_pwm":-255,"ultrasonic_cm":0,"ir_left":true,"ir_center":true,"ir_right":true,"rf_rssi":-70,"timestamp":130885}
aethernet/rover/telemetry {"left_pwm":102,"right_pwm":-255,"ultrasonic_cm":0,"ir_left":true,"ir_center":true,"ir_right":true,"rf_rssi":-70,"timestamp":130904}
aethernet/mega/status {"door_locked":true,"laser_armed":true,"laser_beam_intact":false,"free_ram":7238,"uptime_ms":150006}
aethernet/mega/status {"door_locked":true,"laser_armed":true,"laser_beam_intact":false,"free_ram":7238,"uptime_ms":155006}
aethernet/mega/status {"door_locked":true,"laser_armed":true,"laser_beam_intact":false,"free_ram":7238,"uptime_ms":160006}
aethernet/mega/status {"door_locked":true,"laser_armed":true,"laser_beam_intact":false,"free_ram":7238,"uptime_ms":165006}
aethernet/system/status {"status":"heartbeat","wifi_rssi":-72,"free_heap":217388,"uptime_ms":150044,"rf_connected":false}
aethernet/mega/status {"door_locked":true,"laser_armed":true,"laser_beam_intact":false,"free_ram":7238,"uptime_ms":170006}
aethernet/mega/status {"door_locked":true,"laser_armed":true,"laser_beam_intact":false,"free_ram":7238,"uptime_ms":175006}
aethernet/rover/command {"left_pwm":0,"right_pwm":0,"mode":0}
aethernet/rover/command {"left_pwm":127,"right_pwm":0,"mode":1}
aethernet/rover/telemetry {"left_pwm":0,"right_pwm":-255,"ultrasonic_cm":0,"ir_left":true,"ir_center":true,"ir_right":true,"rf_rssi":-70,"timestamp":160063}
aethernet/rover/command {"left_pwm":192,"right_pwm":124,"mode":1}
aethernet/rover/telemetry {"left_pwm":0,"right_pwm":0,"ultrasonic_cm":0,"ir_left":true,"ir_center":true,"ir_right":true,"rf_rssi":-70,"timestamp":160087}
aethernet/rover/command {"left_pwm":255,"right_pwm":200,"mode":1}
aethernet/rover/telemetry {"left_pwm":0,"right_pwm":0,"ultrasonic_cm":0,"ir_left":true,"ir_center":true,"ir_right":true,"rf_rssi":-70,"timestamp":160111}
aethernet/rover/telemetry {"left_pwm":0,"right_pwm":0,"ultrasonic_cm":0,"ir_left":true,"ir_center":true,"ir_right":true,"rf_rssi":-70,"timestamp":160169}
aethernet/rover/command {"left_pwm":255,"right_pwm":231,"mode":1}
aethernet/rover/telemetry {"left_pwm":127,"right_pwm":0,"ultrasonic_cm":0,"ir_left":true,"ir_center":true,"ir_right":true,"rf_rssi":-70,"timestamp":160202}
aethernet/rover/command {"left_pwm":255,"right_pwm":233,"mode":1}
aethernet/rover/command {"left_pwm":255,"right_pwm":236,"mode":1}
aethernet/rover/command {"left_pwm":255,"right_pwm":240,"mode":1}
aethernet/rover/command {"left_pwm":255,"right_pwm":245,"mode":1}
aethernet/rover/command {"left_pwm":255,"right_pwm":249,"mode":1}
aethernet/rover/command {"left_pwm":255,"right_pwm":252,"mode":1}
aethernet/rover/command {"left_pwm":255,"right_pwm":252,"mode":1}
aethernet/rover/command {"left_pwm":255,"right_pwm":249,"mode":1}
aethernet/rover/command {"left_pwm":255,"right_pwm":249,"mode":1}
aethernet/rover/command {"left_pwm":255,"right_pwm":247,"mode":1}
aethernet/rover/command {"left_pwm":255,"right_pwm":246,"mode":1}
aethernet/rover/telemetry {"left_pwm":192,"right_pwm":124,"ultrasonic_cm":0,"ir_left":true,"ir_center":true,"ir_right":true,"rf_rssi":-70,"timestamp":160881}
aethernet/rover/telemetry {"left_pwm":255,"right_pwm":200,"ultrasonic_cm":0,"ir_left":true,"ir_center":true,"ir_right":true,"rf_rssi":-70,"timestamp":160936}
aethernet/rover/command {"left_pwm":255,"right_pwm":245,"mode":1}
aethernet/rover/telemetry {"left_pwm":255,"right_pwm":231,"ultrasonic_cm":0,"ir_left":true,"ir_center":true,"ir_right":true,"rf_rssi":-70,"timestamp":160974}
aethernet/rover/command {"left_pwm":255,"right_pwm":243,"mode":1}
aethernet/rover/telemetry {"left_pwm":255,"right_pwm":252,"ultrasonic_cm":0,"ir_left":true,"ir_center":true,"ir_right":true,"rf_rssi":-70,"timestamp":161041}
aethernet/rover/command {"left_pwm":255,"right_pwm":243,"mode":1}
aethernet/rover/telemetry {"left_pwm":255,"right_pwm":249,"ultrasonic_cm":0,"ir_left":true,"ir_center":true,"ir_right":true,"rf_rssi":-70,"timestamp":161097}
aethernet/rover/telemetry {"left_pwm":255,"right_pwm":245,"ultrasonic_cm":0,"ir_left":true,"ir_center":true,"ir_right":true,"rf_rssi":-70,"timestamp":161146}
aethernet/rover/command {"left_pwm":255,"right_pwm":242,"mode":1}
aethernet/rover/telemetry {"left_pwm":255,"right_pwm":243,"ultrasonic_cm":0,"ir_left":true,"ir_center":true,"ir_right":true,"rf_rssi":-70,"timestamp":161934}
aethernet/rover/command {"left_pwm":255,"right_pwm":242,"mode":1}
aethernet/rover/command {"left_pwm":255,"right_pwm":241,"mode":1}
aethernet/rover/telemetry {"left_pwm":255,"right_pwm":243,"ultrasonic_cm":0,"ir_left":true,"ir_center":true,"ir_right":true,"rf_rssi":-70,"timestamp":162828}
aethernet/mega/status {"door_locked":true,"laser_armed":true,"laser_beam_intact":false,"free_ram":7238,"uptime_ms":180006}
aethernet/rover/command {"left_pwm":255,"right_pwm":241,"mode":1}
aethernet/rover/telemetry {"left_pwm":255,"right_pwm":243,"ultrasonic_cm":0,"ir_left":true,"ir_center":true,"ir_right":true,"rf_rssi":-70,"timestamp":166235}
aethernet/rover/command {"left_pwm":255,"right_pwm":240,"mode":1}
aethernet/rover/command {"left_pwm":255,"right_pwm":240,"mode":1}
aethernet/rover/command {"left_pwm":255,"right_pwm":238,"mode":1}
aethernet/rover/command {"left_pwm":255,"right_pwm":236,"mode":1}
aethernet/rover/command {"left_pwm":255,"right_pwm":234,"mode":1}
aethernet/rover/telemetry {"left_pwm":255,"right_pwm":242,"ultrasonic_cm":0,"ir_left":true,"ir_center":true,"ir_right":true,"rf_rssi":-70,"timestamp":167769}
aethernet/rover/command {"left_pwm":255,"right_pwm":229,"mode":1}
aethernet/rover/telemetry {"left_pwm":255,"right_pwm":242,"ultrasonic_cm":0,"ir_left":true,"ir_center":true,"ir_right":true,"rf_rssi":-70,"timestamp":167790}
aethernet/rover/telemetry {"left_pwm":255,"right_pwm":241,"ultrasonic_cm":0,"ir_left":true,"ir_center":true,"ir_right":true,"rf_rssi":-70,"timestamp":167806}
aethernet/rover/command {"left_pwm":255,"right_pwm":223,"mode":1}
aethernet/rover/telemetry {"left_pwm":255,"right_pwm":240,"ultrasonic_cm":0,"ir_left":true,"ir_center":true,"ir_right":true,"rf_rssi":-70,"timestamp":167835}
aethernet/rover/telemetry {"left_pwm":255,"right_pwm":240,"ultrasonic_cm":0,"ir_left":true,"ir_center":true,"ir_right":true,"rf_rssi":-70,"timestamp":167849}
aethernet/rover/command {"left_pwm":255,"right_pwm":218,"mode":1}
aethernet/rover/telemetry {"left_pwm":255,"right_pwm":238,"ultrasonic_cm":0,"ir_left":true,"ir_center":true,"ir_right":true,"rf_rssi":-70,"timestamp":167870}
aethernet/rover/command {"left_pwm":255,"right_pwm":211,"mode":1}
aethernet/rover/telemetry {"left_pwm":255,"right_pwm":236,"ultrasonic_cm":0,"ir_left":true,"ir_center":true,"ir_right":true,"rf_rssi":-70,"timestamp":167913}
aethernet/rover/command {"left_pwm":255,"right_pwm":191,"mode":1}
aethernet/rover/telemetry {"left_pwm":255,"right_pwm":234,"ultrasonic_cm":0,"ir_left":true,"ir_center":true,"ir_right":true,"rf_rssi":-70,"timestamp":167972}
aethernet/rover/command {"left_pwm":255,"right_pwm":153,"mode":1}
aethernet/rover/command {"left_pwm":255,"right_pwm":90,"mode":1}
aethernet/rover/command {"left_pwm":255,"right_pwm":0,"mode":1}
aethernet/rover/command {"left_pwm":255,"right_pwm":0,"mode":1}
aethernet/rover/command {"left_pwm":255,"right_pwm":-81,"mode":1}
aethernet/rover/command {"left_pwm":255,"right_pwm":-121,"mode":1}
aethernet/rover/telemetry {"left_pwm":255,"right_pwm":229,"ultrasonic_cm":0,"ir_left":true,"ir_center":true,"ir_right":true,"rf_rssi":-70,"timestamp":168023}
aethernet/rover/command {"left_pwm":255,"right_pwm":-157,"mode":1}
aethernet/rover/telemetry {"left_pwm":255,"right_pwm":223,"ultrasonic_cm":0,"ir_left":true,"ir_center":true,"ir_right":true,"rf_rssi":-70,"timestamp":168380}
aethernet/rover/command {"left_pwm":255,"right_pwm":-183,"mode":1}
aethernet/rover/command {"left_pwm":255,"right_pwm":-202,"mode":1}
aethernet/rover/command {"left_pwm":255,"right_pwm":-216,"mode":1}
aethernet/rover/command {"left_pwm":255,"right_pwm":-229,"mode":1}
aethernet/rover/command {"left_pwm":255,"right_pwm":-239,"mode":1}
aethernet/rover/command {"left_pwm":255,"right_pwm":-247,"mode":1}
aethernet/rover/command {"left_pwm":255,"right_pwm":-254,"mode":1}
aethernet/rover/command {"left_pwm":247,"right_pwm":-255,"mode":1}
aethernet/rover/command {"left_pwm":243,"right_pwm":-255,"mode":1}
aethernet/rover/command {"left_pwm":240,"right_pwm":-255,"mode":1}
aethernet/rover/command {"left_pwm":236,"right_pwm":-255,"mode":1}
aethernet/rover/command {"left_pwm":233,"right_pwm":-255,"mode":1}
aethernet/rover/command {"left_pwm":233,"right_pwm":-255,"mode":1}
aethernet/rover/command {"left_pwm":232,"right_pwm":-255,"mode":1}
aethernet/rover/command {"left_pwm":231,"right_pwm":-255,"mode":1}
aethernet/rover/command {"left_pwm":231,"right_pwm":-255,"mode":1}
aethernet/rover/command {"left_pwm":229,"right_pwm":-255,"mode":1}
aethernet/rover/command {"left_pwm":229,"right_pwm":-255,"mode":1}
aethernet/rover/command {"left_pwm":229,"right_pwm":-255,"mode":1}
aethernet/rover/telemetry {"left_pwm":255,"right_pwm":211,"ultrasonic_cm":0,"ir_left":true,"ir_center":true,"ir_right":true,"rf_rssi":-70,"timestamp":168395}
aethernet/rover/telemetry {"left_pwm":255,"right_pwm":191,"ultrasonic_cm":0,"ir_left":true,"ir_center":true,"ir_right":true,"rf_rssi":-70,"timestamp":168414}
aethernet/rover/command {"left_pwm":229,"right_pwm":-255,"mode":1}
aethernet/rover/telemetry {"left_pwm":255,"right_pwm":153,"ultrasonic_cm":0,"ir_left":true,"ir_center":true,"ir_right":true,"rf_rssi":-70,"timestamp":168428}
aethernet/rover/telemetry {"left_pwm":255,"right_pwm":90,"ultrasonic_cm":0,"ir_left":true,"ir_center":true,"ir_right":true,"rf_rssi":-70,"timestamp":168470}
aethernet/rover/telemetry {"left_pwm":255,"right_pwm":0,"ultrasonic_cm":0,"ir_left":true,"ir_center":true,"ir_right":true,"rf_rssi":-70,"timestamp":168490}
aethernet/rover/telemetry {"left_pwm":255,"right_pwm":0,"ultrasonic_cm":0,"ir_left":true,"ir_center":true,"ir_right":true,"rf_rssi":-70,"timestamp":168997}
aethernet/rover/telemetry {"left_pwm":255,"right_pwm":-81,"ultrasonic_cm":0,"ir_left":true,"ir_center":true,"ir_right":true,"rf_rssi":-70,"timestamp":169012}
aethernet/rover/telemetry {"left_pwm":255,"right_pwm":-157,"ultrasonic_cm":0,"ir_left":true,"ir_center":true,"ir_right":true,"rf_rssi":-70,"timestamp":169033}
aethernet/mega/status {"door_locked":true,"laser_armed":true,"laser_beam_intact":false,"free_ram":7238,"uptime_ms":185006}
aethernet/rover/telemetry {"left_pwm":255,"right_pwm":-183,"ultrasonic_cm":0,"ir_left":true,"ir_center":true,"ir_right":true,"rf_rssi":-70,"timestamp":169173}
aethernet/rover/telemetry {"left_pwm":255,"right_pwm":-202,"ultrasonic_cm":0,"ir_left":true,"ir_center":true,"ir_right":true,"rf_rssi":-70,"timestamp":169189}
aethernet/rover/telemetry {"left_pwm":255,"right_pwm":-247,"ultrasonic_cm":0,"ir_left":true,"ir_center":true,"ir_right":true,"rf_rssi":-70,"timestamp":169808}
aethernet/rover/telemetry {"left_pwm":255,"right_pwm":-254,"ultrasonic_cm":0,"ir_left":true,"ir_center":true,"ir_right":true,"rf_rssi":-70,"timestamp":169822}
aethernet/rover/telemetry {"left_pwm":247,"right_pwm":-255,"ultrasonic_cm":0,"ir_left":true,"ir_center":true,"ir_right":true,"rf_rssi":-70,"timestamp":169841}
aethernet/rover/telemetry {"left_pwm":243,"right_pwm":-255,"ultrasonic_cm":0,"ir_left":true,"ir_center":true,"ir_right":true,"rf_rssi":-70,"timestamp":169877}
aethernet/rover/telemetry {"left_pwm":240,"right_pwm":-255,"ultrasonic_cm":0,"ir_left":true,"ir_center":true,"ir_right":true,"rf_rssi":-70,"timestamp":169893}
aethernet/rover/telemetry {"left_pwm":236,"right_pwm":-255,"ultrasonic_cm":0,"ir_left":true,"ir_center":true,"ir_right":true,"rf_rssi":-70,"timestamp":169965}
aethernet/rover/telemetry {"left_pwm":233,"right_pwm":-255,"ultrasonic_cm":0,"ir_left":true,"ir_center":true,"ir_right":true,"rf_rssi":-70,"timestamp":169999}
aethernet/rover/command {"left_pwm":228,"right_pwm":-255,"mode":1}
aethernet/rover/telemetry {"left_pwm":233,"right_pwm":-255,"ultrasonic_cm":0,"ir_left":true,"ir_center":true,"ir_right":true,"rf_rssi":-70,"timestamp":170027}
aethernet/rover/command {"left_pwm":229,"right_pwm":-255,"mode":1}
aethernet/rover/command {"left_pwm":229,"right_pwm":-255,"mode":1}
aethernet/rover/telemetry {"left_pwm":231,"right_pwm":-255,"ultrasonic_cm":0,"ir_left":true,"ir_center":true,"ir_right":true,"rf_rssi":-70,"timestamp":170040}
aethernet/rover/telemetry {"left_pwm":231,"right_pwm":-255,"ultrasonic_cm":0,"ir_left":true,"ir_center":true,"ir_right":true,"rf_rssi":-70,"timestamp":170225}
aethernet/rover/command {"left_pwm":229,"right_pwm":-255,"mode":1}
aethernet/rover/telemetry {"left_pwm":229,"right_pwm":-255,"ultrasonic_cm":0,"ir_left":true,"ir_center":true,"ir_right":true,"rf_rssi":-70,"timestamp":170251}
aethernet/rover/telemetry {"left_pwm":229,"right_pwm":-255,"ultrasonic_cm":0,"ir_left":true,"ir_center":true,"ir_right":true,"rf_rssi":-70,"timestamp":170277}
aethernet/rover/command {"left_pwm":228,"right_pwm":-255,"mode":1}
aethernet/rover/command {"left_pwm":228,"right_pwm":-255,"mode":1}
aethernet/rover/telemetry {"left_pwm":229,"right_pwm":-255,"ultrasonic_cm":0,"ir_left":true,"ir_center":true,"ir_right":true,"rf_rssi":-70,"timestamp":170521}
aethernet/rover/telemetry {"left_pwm":229,"right_pwm":-255,"ultrasonic_cm":0,"ir_left":true,"ir_center":true,"ir_right":true,"rf_rssi":-70,"timestamp":170552}
aethernet/rover/command {"left_pwm":227,"right_pwm":-255,"mode":1}
aethernet/rover/command {"left_pwm":227,"right_pwm":-255,"mode":1}
aethernet/rover/telemetry {"left_pwm":229,"right_pwm":-255,"ultrasonic_cm":0,"ir_left":true,"ir_center":true,"ir_right":true,"rf_rssi":-70,"timestamp":170828}
aethernet/rover/telemetry {"left_pwm":228,"right_pwm":-255,"ultrasonic_cm":0,"ir_left":true,"ir_center":true,"ir_right":true,"rf_rssi":-70,"timestamp":170861}
aethernet/rover/command {"left_pwm":227,"right_pwm":-255,"mode":1}
aethernet/rover/telemetry {"left_pwm":227,"right_pwm":-255,"ultrasonic_cm":0,"ir_left":true,"ir_center":true,"ir_right":true,"rf_rssi":-70,"timestamp":170892}
aethernet/rover/command {"left_pwm":227,"right_pwm":-255,"mode":1}
aethernet/rover/telemetry {"left_pwm":227,"right_pwm":-255,"ultrasonic_cm":0,"ir_left":true,"ir_center":true,"ir_right":true,"rf_rssi":-70,"timestamp":171126}
aethernet/rover/command {"left_pwm":227,"right_pwm":-255,"mode":1}
aethernet/rover/command {"left_pwm":227,"right_pwm":-255,"mode":1}
aethernet/rover/command {"left_pwm":225,"right_pwm":-255,"mode":1}
aethernet/rover/command {"left_pwm":223,"right_pwm":-255,"mode":1}
aethernet/rover/telemetry {"left_pwm":227,"right_pwm":-255,"ultrasonic_cm":0,"ir_left":true,"ir_center":true,"ir_right":true,"rf_rssi":-70,"timestamp":171435}
aethernet/rover/telemetry {"left_pwm":227,"right_pwm":-255,"ultrasonic_cm":0,"ir_left":true,"ir_center":true,"ir_right":true,"rf_rssi":-70,"timestamp":171454}
aethernet/rover/command {"left_pwm":222,"right_pwm":-255,"mode":1}
aethernet/rover/telemetry {"left_pwm":227,"right_pwm":-255,"ultrasonic_cm":0,"ir_left":true,"ir_center":true,"ir_right":true,"rf_rssi":-70,"timestamp":171475}
aethernet/rover/telemetry {"left_pwm":227,"right_pwm":-255,"ultrasonic_cm":0,"ir_left":true,"ir_center":true,"ir_right":true,"rf_rssi":-70,"timestamp":171489}
aethernet/rover/telemetry {"left_pwm":227,"right_pwm":-255,"ultrasonic_cm":0,"ir_left":true,"ir_center":true,"ir_right":true,"rf_rssi":-70,"timestamp":171505}
aethernet/rover/command {"left_pwm":222,"right_pwm":-255,"mode":1}
aethernet/rover/telemetry {"left_pwm":225,"right_pwm":-255,"ultrasonic_cm":0,"ir_left":true,"ir_center":true,"ir_right":true,"rf_rssi":-70,"timestamp":172048}
aethernet/rover/command {"left_pwm":222,"right_pwm":-255,"mode":1}
aethernet/rover/telemetry {"left_pwm":223,"right_pwm":-255,"ultrasonic_cm":0,"ir_left":true,"ir_center":true,"ir_right":true,"rf_rssi":-70,"timestamp":172354}
aethernet/rover/command {"left_pwm":221,"right_pwm":-255,"mode":1}
aethernet/rover/telemetry {"left_pwm":222,"right_pwm":-255,"ultrasonic_cm":0,"ir_left":true,"ir_center":true,"ir_right":true,"rf_rssi":-70,"timestamp":172670}
aethernet/rover/command {"left_pwm":221,"right_pwm":-255,"mode":1}
aethernet/rover/telemetry {"left_pwm":222,"right_pwm":-255,"ultrasonic_cm":0,"ir_left":true,"ir_center":true,"ir_right":true,"rf_rssi":-70,"timestamp":172966}
aethernet/rover/command {"left_pwm":220,"right_pwm":-255,"mode":1}
aethernet/rover/telemetry {"left_pwm":222,"right_pwm":-255,"ultrasonic_cm":0,"ir_left":true,"ir_center":true,"ir_right":true,"rf_rssi":-70,"timestamp":173582}
aethernet/rover/command {"left_pwm":220,"right_pwm":-255,"mode":1}
aethernet/rover/telemetry {"left_pwm":221,"right_pwm":-255,"ultrasonic_cm":0,"ir_left":true,"ir_center":true,"ir_right":true,"rf_rssi":-70,"timestamp":173898}
aethernet/rover/command {"left_pwm":220,"right_pwm":-255,"mode":1}
aethernet/rover/command {"left_pwm":220,"right_pwm":-255,"mode":1}
aethernet/mega/status {"door_locked":true,"laser_armed":true,"laser_beam_intact":false,"free_ram":7238,"uptime_ms":190006}
aethernet/rover/telemetry {"left_pwm":221,"right_pwm":-255,"ultrasonic_cm":0,"ir_left":true,"ir_center":true,"ir_right":true,"rf_rssi":-70,"timestamp":174138}
aethernet/rover/command {"left_pwm":220,"right_pwm":-255,"mode":1}
aethernet/rover/telemetry {"left_pwm":220,"right_pwm":-255,"ultrasonic_cm":0,"ir_left":true,"ir_center":true,"ir_right":true,"rf_rssi":-70,"timestamp":174171}
aethernet/rover/telemetry {"left_pwm":220,"right_pwm":-255,"ultrasonic_cm":0,"ir_left":true,"ir_center":true,"ir_right":true,"rf_rssi":-70,"timestamp":174207}
aethernet/rover/command {"left_pwm":221,"right_pwm":-255,"mode":1}
aethernet/rover/telemetry {"left_pwm":220,"right_pwm":-255,"ultrasonic_cm":0,"ir_left":true,"ir_center":true,"ir_right":true,"rf_rssi":-70,"timestamp":174236}
aethernet/rover/command {"left_pwm":221,"right_pwm":-255,"mode":1}
aethernet/rover/command {"left_pwm":221,"right_pwm":-255,"mode":1}
aethernet/rover/telemetry {"left_pwm":220,"right_pwm":-255,"ultrasonic_cm":0,"ir_left":true,"ir_center":true,"ir_right":true,"rf_rssi":-70,"timestamp":174510}
aethernet/rover/command {"left_pwm":221,"right_pwm":-255,"mode":1}
aethernet/rover/telemetry {"left_pwm":220,"right_pwm":-255,"ultrasonic_cm":0,"ir_left":true,"ir_center":true,"ir_right":true,"rf_rssi":-70,"timestamp":174543}
aethernet/rover/telemetry {"left_pwm":221,"right_pwm":-255,"ultrasonic_cm":0,"ir_left":true,"ir_center":true,"ir_right":true,"rf_rssi":-70,"timestamp":174557}
aethernet/rover/command {"left_pwm":221,"right_pwm":-255,"mode":1}
aethernet/rover/telemetry {"left_pwm":221,"right_pwm":-255,"ultrasonic_cm":0,"ir_left":true,"ir_center":true,"ir_right":true,"rf_rssi":-70,"timestamp":175138}
aethernet/rover/command {"left_pwm":221,"right_pwm":-255,"mode":1}
aethernet/rover/telemetry {"left_pwm":221,"right_pwm":-255,"ultrasonic_cm":0,"ir_left":true,"ir_center":true,"ir_right":true,"rf_rssi":-70,"timestamp":175436}
aethernet/rover/command {"left_pwm":221,"right_pwm":-255,"mode":1}
aethernet/rover/command {"left_pwm":216,"right_pwm":-255,"mode":1}
aethernet/rover/command {"left_pwm":206,"right_pwm":-255,"mode":1}
aethernet/rover/command {"left_pwm":168,"right_pwm":-255,"mode":1}
aethernet/rover/command {"left_pwm":61,"right_pwm":-255,"mode":1}
aethernet/rover/command {"left_pwm":0,"right_pwm":-255,"mode":1}
aethernet/rover/telemetry {"left_pwm":221,"right_pwm":-255,"ultrasonic_cm":0,"ir_left":true,"ir_center":true,"ir_right":true,"rf_rssi":-70,"timestamp":176359}
aethernet/rover/telemetry {"left_pwm":221,"right_pwm":-255,"ultrasonic_cm":0,"ir_left":true,"ir_center":true,"ir_right":true,"rf_rssi":-70,"timestamp":176397}
aethernet/rover/command {"left_pwm":-159,"right_pwm":-255,"mode":1}
aethernet/rover/telemetry {"left_pwm":221,"right_pwm":-255,"ultrasonic_cm":0,"ir_left":true,"ir_center":true,"ir_right":true,"rf_rssi":-70,"timestamp":176411}
aethernet/rover/command {"left_pwm":-212,"right_pwm":-255,"mode":1}
aethernet/rover/telemetry {"left_pwm":221,"right_pwm":-255,"ultrasonic_cm":0,"ir_left":true,"ir_center":true,"ir_right":true,"rf_rssi":-70,"timestamp":176425}
aethernet/rover/telemetry {"left_pwm":216,"right_pwm":-255,"ultrasonic_cm":0,"ir_left":true,"ir_center":true,"ir_right":true,"rf_rssi":-70,"timestamp":176451}
aethernet/rover/command {"left_pwm":-234,"right_pwm":-255,"mode":1}
aethernet/rover/command {"left_pwm":-249,"right_pwm":-255,"mode":1}
aethernet/rover/command {"left_pwm":-255,"right_pwm":-249,"mode":1}
aethernet/rover/command {"left_pwm":-255,"right_pwm":-243,"mode":1}
aethernet/rover/telemetry {"left_pwm":206,"right_pwm":-255,"ultrasonic_cm":0,"ir_left":true,"ir_center":true,"ir_right":true,"rf_rssi":-70,"timestamp":176481}
aethernet/rover/telemetry {"left_pwm":168,"right_pwm":-255,"ultrasonic_cm":0,"ir_left":true,"ir_center":true,"ir_right":true,"rf_rssi":-70,"timestamp":176516}
aethernet/rover/telemetry {"left_pwm":61,"right_pwm":-255,"ultrasonic_cm":0,"ir_left":true,"ir_center":true,"ir_right":true,"rf_rssi":-70,"timestamp":176539}
aethernet/rover/telemetry {"left_pwm":0,"right_pwm":-255,"ultrasonic_cm":0,"ir_left":true,"ir_center":true,"ir_right":true,"rf_rssi":-70,"timestamp":176670}
aethernet/rover/telemetry {"left_pwm":-159,"right_pwm":-255,"ultrasonic_cm":0,"ir_left":true,"ir_center":true,"ir_right":true,"rf_rssi":-70,"timestamp":176743}
aethernet/rover/command {"left_pwm":-255,"right_pwm":-240,"mode":1}
aethernet/rover/telemetry {"left_pwm":-212,"right_pwm":-255,"ultrasonic_cm":0,"ir_left":true,"ir_center":true,"ir_right":true,"rf_rssi":-70,"timestamp":176759}
aethernet/rover/command {"left_pwm":-255,"right_pwm":-240,"mode":1}
aethernet/rover/telemetry {"left_pwm":-249,"right_pwm":-255,"ultrasonic_cm":0,"ir_left":true,"ir_center":true,"ir_right":true,"rf_rssi":-70,"timestamp":176776}
aethernet/rover/telemetry {"left_pwm":-255,"right_pwm":-249,"ultrasonic_cm":0,"ir_left":true,"ir_center":true,"ir_right":true,"rf_rssi":-70,"timestamp":176795}
aethernet/rover/telemetry {"left_pwm":-255,"right_pwm":-243,"ultrasonic_cm":0,"ir_left":true,"ir_center":true,"ir_right":true,"rf_rssi":-70,"timestamp":176839}
aethernet/rover/command {"left_pwm":-255,"right_pwm":-241,"mode":1}
aethernet/rover/command {"left_pwm":-255,"right_pwm":-242,"mode":1}
aethernet/rover/command {"left_pwm":-255,"right_pwm":-243,"mode":1}
aethernet/rover/telemetry {"left_pwm":-255,"right_pwm":-240,"ultrasonic_cm":0,"ir_left":true,"ir_center":true,"ir_right":true,"rf_rssi":-70,"timestamp":177026}
aethernet/rover/telemetry {"left_pwm":-255,"right_pwm":-240,"ultrasonic_cm":0,"ir_left":true,"ir_center":true,"ir_right":true,"rf_rssi":-70,"timestamp":177061}
aethernet/rover/command {"left_pwm":-255,"right_pwm":-243,"mode":1}
aethernet/rover/telemetry {"left_pwm":-255,"right_pwm":-240,"ultrasonic_cm":0,"ir_left":true,"ir_center":true,"ir_right":true,"rf_rssi":-70,"timestamp":177110}
aethernet/rover/command {"left_pwm":-255,"right_pwm":-243,"mode":1}
aethernet/rover/command {"left_pwm":-255,"right_pwm":-243,"mode":1}
aethernet/rover/telemetry {"left_pwm":-255,"right_pwm":-242,"ultrasonic_cm":0,"ir_left":true,"ir_center":true,"ir_right":true,"rf_rssi":-70,"timestamp":177273}
aethernet/rover/telemetry {"left_pwm":-255,"right_pwm":-243,"ultrasonic_cm":0,"ir_left":true,"ir_center":true,"ir_right":true,"rf_rssi":-70,"timestamp":177303}
aethernet/rover/command {"left_pwm":-255,"right_pwm":-244,"mode":1}
aethernet/rover/command {"left_pwm":-255,"right_pwm":-245,"mode":1}
aethernet/rover/command {"left_pwm":-255,"right_pwm":-245,"mode":1}
aethernet/rover/command {"left_pwm":-255,"right_pwm":-246,"mode":1}
aethernet/rover/telemetry {"left_pwm":-255,"right_pwm":-243,"ultrasonic_cm":0,"ir_left":true,"ir_center":true,"ir_right":true,"rf_rssi":-70,"timestamp":177584}
aethernet/rover/telemetry {"left_pwm":-255,"right_pwm":-243,"ultrasonic_cm":0,"ir_left":true,"ir_center":true,"ir_right":true,"rf_rssi":-70,"timestamp":177600}
aethernet/rover/command {"left_pwm":-255,"right_pwm":-248,"mode":1}
aethernet/rover/telemetry {"left_pwm":-255,"right_pwm":-243,"ultrasonic_cm":0,"ir_left":true,"ir_center":true,"ir_right":true,"rf_rssi":-70,"timestamp":177619}
aethernet/rover/telemetry {"left_pwm":-255,"right_pwm":-244,"ultrasonic_cm":0,"ir_left":true,"ir_center":true,"ir_right":true,"rf_rssi":-70,"timestamp":177648}
aethernet/rover/telemetry {"left_pwm":-255,"right_pwm":-245,"ultrasonic_cm":0,"ir_left":true,"ir_center":true,"ir_right":true,"rf_rssi":-70,"timestamp":177664}
aethernet/rover/command {"left_pwm":-255,"right_pwm":-249,"mode":1}
aethernet/rover/telemetry {"left_pwm":-255,"right_pwm":-245,"ultrasonic_cm":0,"ir_left":true,"ir_center":true,"ir_right":true,"rf_rssi":-70,"timestamp":177711}
aethernet/rover/command {"left_pwm":-255,"right_pwm":-250,"mode":1}
aethernet/rover/telemetry {"left_pwm":-255,"right_pwm":-246,"ultrasonic_cm":0,"ir_left":true,"ir_center":true,"ir_right":true,"rf_rssi":-70,"timestamp":177765}
aethernet/rover/command {"left_pwm":-255,"right_pwm":-251,"mode":1}
aethernet/rover/command {"left_pwm":-255,"right_pwm":-252,"mode":1}
aethernet/rover/command {"left_pwm":-255,"right_pwm":-252,"mode":1}
aethernet/rover/command {"left_pwm":-255,"right_pwm":-253,"mode":1}
aethernet/rover/telemetry {"left_pwm":-255,"right_pwm":-248,"ultrasonic_cm":0,"ir_left":true,"ir_center":true,"ir_right":true,"rf_rssi":-70,"timestamp":178193}
aethernet/rover/command {"left_pwm":-255,"right_pwm":-254,"mode":1}
aethernet/rover/command {"left_pwm":-255,"right_pwm":-254,"mode":1}
aethernet/rover/telemetry {"left_pwm":-255,"right_pwm":-249,"ultrasonic_cm":0,"ir_left":true,"ir_center":true,"ir_right":true,"rf_rssi":-70,"timestamp":178207}
aethernet/rover/telemetry {"left_pwm":-255,"right_pwm":-250,"ultrasonic_cm":0,"ir_left":true,"ir_center":true,"ir_right":true,"rf_rssi":-70,"timestamp":178236}
aethernet/rover/telemetry {"left_pwm":-255,"right_pwm":-251,"ultrasonic_cm":0,"ir_left":true,"ir_center":true,"ir_right":true,"rf_rssi":-70,"timestamp":178260}
aethernet/rover/command {"left_pwm":-255,"right_pwm":-255,"mode":1}
aethernet/rover/telemetry {"left_pwm":-255,"right_pwm":-252,"ultrasonic_cm":0,"ir_left":true,"ir_center":true,"ir_right":true,"rf_rssi":-70,"timestamp":178494}
aethernet/rover/telemetry {"left_pwm":-255,"right_pwm":-252,"ultrasonic_cm":0,"ir_left":true,"ir_center":true,"ir_right":true,"rf_rssi":-70,"timestamp":178537}
aethernet/rover/command {"left_pwm":-254,"right_pwm":-255,"mode":1}
aethernet/rover/command {"left_pwm":-254,"right_pwm":-255,"mode":1}
aethernet/rover/telemetry {"left_pwm":-255,"right_pwm":-253,"ultrasonic_cm":0,"ir_left":true,"ir_center":true,"ir_right":true,"rf_rssi":-70,"timestamp":178810}
aethernet/rover/telemetry {"left_pwm":-255,"right_pwm":-254,"ultrasonic_cm":0,"ir_left":true,"ir_center":true,"ir_right":true,"rf_rssi":-70,"timestamp":178840}
aethernet/rover/command {"left_pwm":-254,"right_pwm":-255,"mode":1}
aethernet/rover/command {"left_pwm":-254,"right_pwm":-255,"mode":1}
aethernet/rover/command {"left_pwm":-254,"right_pwm":-255,"mode":1}
aethernet/mega/status {"door_locked":true,"laser_armed":true,"laser_beam_intact":false,"free_ram":7238,"uptime_ms":195006}
aethernet/rover/telemetry {"left_pwm":-255,"right_pwm":-254,"ultrasonic_cm":0,"ir_left":true,"ir_center":true,"ir_right":true,"rf_rssi":-70,"timestamp":179128}
aethernet/rover/command {"left_pwm":-253,"right_pwm":-255,"mode":1}
aethernet/rover/command {"left_pwm":-251,"right_pwm":-255,"mode":1}
aethernet/rover/telemetry {"left_pwm":-254,"right_pwm":-255,"ultrasonic_cm":0,"ir_left":true,"ir_center":true,"ir_right":true,"rf_rssi":-70,"timestamp":179156}
aethernet/rover/telemetry {"left_pwm":-254,"right_pwm":-255,"ultrasonic_cm":0,"ir_left":true,"ir_center":true,"ir_right":true,"rf_rssi":-70,"timestamp":179171}
aethernet/rover/command {"left_pwm":-250,"right_pwm":-255,"mode":1}
aethernet/rover/telemetry {"left_pwm":-254,"right_pwm":-255,"ultrasonic_cm":0,"ir_left":true,"ir_center":true,"ir_right":true,"rf_rssi":-70,"timestamp":179438}
aethernet/rover/telemetry {"left_pwm":-254,"right_pwm":-255,"ultrasonic_cm":0,"ir_left":true,"ir_center":true,"ir_right":true,"rf_rssi":-70,"timestamp":179478}
aethernet/rover/telemetry {"left_pwm":-254,"right_pwm":-255,"ultrasonic_cm":0,"ir_left":true,"ir_center":true,"ir_right":true,"rf_rssi":-70,"timestamp":179494}
aethernet/rover/command {"left_pwm":-250,"right_pwm":-255,"mode":1}
aethernet/rover/telemetry {"left_pwm":-253,"right_pwm":-255,"ultrasonic_cm":0,"ir_left":true,"ir_center":true,"ir_right":true,"rf_rssi":-70,"timestamp":180032}
aethernet/system/status {"status":"heartbeat","wifi_rssi":-64,"free_heap":215380,"uptime_ms":180053,"rf_connected":true}
aethernet/rover/command {"left_pwm":-250,"right_pwm":-255,"mode":1}
aethernet/rover/command {"left_pwm":-249,"right_pwm":-255,"mode":1}
aethernet/rover/telemetry {"left_pwm":-251,"right_pwm":-255,"ultrasonic_cm":0,"ir_left":true,"ir_center":true,"ir_right":true,"rf_rssi":-70,"timestamp":180376}
aethernet/rover/command {"left_pwm":-248,"right_pwm":-255,"mode":1}
aethernet/rover/command {"left_pwm":-247,"right_pwm":-255,"mode":1}
aethernet/rover/command {"left_pwm":-246,"right_pwm":-255,"mode":1}
aethernet/rover/command {"left_pwm":-246,"right_pwm":-255,"mode":1}
aethernet/rover/command {"left_pwm":-246,"right_pwm":-255,"mode":1}
aethernet/rover/telemetry {"left_pwm":-250,"right_pwm":-255,"ultrasonic_cm":0,"ir_left":true,"ir_center":true,"ir_right":true,"rf_rssi":-70,"timestamp":180442}
aethernet/rover/command {"left_pwm":-245,"right_pwm":-255,"mode":1}
aethernet/rover/telemetry {"left_pwm":-250,"right_pwm":-255,"ultrasonic_cm":0,"ir_left":true,"ir_center":true,"ir_right":true,"rf_rssi":-70,"timestamp":180958}
aethernet/rover/telemetry {"left_pwm":-250,"right_pwm":-255,"ultrasonic_cm":0,"ir_left":true,"ir_center":true,"ir_right":true,"rf_rssi":-70,"timestamp":180991}
aethernet/rover/telemetry {"left_pwm":-249,"right_pwm":-255,"ultrasonic_cm":0,"ir_left":true,"ir_center":true,"ir_right":true,"rf_rssi":-70,"timestamp":181004}
aethernet/rover/telemetry {"left_pwm":-248,"right_pwm":-255,"ultrasonic_cm":0,"ir_left":true,"ir_center":true,"ir_right":true,"rf_rssi":-70,"timestamp":181790}
aethernet/rover/telemetry {"left_pwm":-247,"right_pwm":-255,"ultrasonic_cm":0,"ir_left":true,"ir_center":true,"ir_right":true,"rf_rssi":-70,"timestamp":181807}
aethernet/rover/telemetry {"left_pwm":-246,"right_pwm":-255,"ultrasonic_cm":0,"ir_left":true,"ir_center":true,"ir_right":true,"rf_rssi":-70,"timestamp":181836}
aethernet/rover/command {"left_pwm":-244,"right_pwm":-255,"mode":1}
aethernet/rover/telemetry {"left_pwm":-246,"right_pwm":-255,"ultrasonic_cm":0,"ir_left":true,"ir_center":true,"ir_right":true,"rf_rssi":-70,"timestamp":182484}
aethernet/rover/command {"left_pwm":-243,"right_pwm":-255,"mode":1}
aethernet/rover/telemetry {"left_pwm":-246,"right_pwm":-255,"ultrasonic_cm":0,"ir_left":true,"ir_center":true,"ir_right":true,"rf_rssi":-70,"timestamp":182809}
aethernet/rover/command {"left_pwm":-242,"right_pwm":-255,"mode":1}
aethernet/rover/telemetry {"left_pwm":-245,"right_pwm":-255,"ultrasonic_cm":0,"ir_left":true,"ir_center":true,"ir_right":true,"rf_rssi":-70,"timestamp":183430}
aethernet/rover/command {"left_pwm":-242,"right_pwm":-255,"mode":1}
aethernet/rover/command {"left_pwm":-242,"right_pwm":-255,"mode":1}
aethernet/rover/command {"left_pwm":-241,"right_pwm":-255,"mode":1}
aethernet/mega/status {"door_locked":true,"laser_armed":true,"laser_beam_intact":false,"free_ram":7238,"uptime_ms":200006}
aethernet/rover/telemetry {"left_pwm":-244,"right_pwm":-255,"ultrasonic_cm":0,"ir_left":true,"ir_center":true,"ir_right":true,"rf_rssi":-70,"timestamp":184172}
aethernet/rover/telemetry {"left_pwm":-242,"right_pwm":-255,"ultrasonic_cm":0,"ir_left":true,"ir_center":true,"ir_right":true,"rf_rssi":-70,"timestamp":184203}
aethernet/rover/telemetry {"left_pwm":-242,"right_pwm":-255,"ultrasonic_cm":0,"ir_left":true,"ir_center":true,"ir_right":true,"rf_rssi":-70,"timestamp":184217}
aethernet/rover/command {"left_pwm":-242,"right_pwm":-255,"mode":1}
aethernet/rover/command {"left_pwm":-246,"right_pwm":-255,"mode":1}
aethernet/rover/command {"left_pwm":-255,"right_pwm":-252,"mode":1}
aethernet/rover/telemetry {"left_pwm":-242,"right_pwm":-255,"ultrasonic_cm":0,"ir_left":true,"ir_center":true,"ir_right":true,"rf_rssi":-70,"timestamp":184648}
aethernet/rover/telemetry {"left_pwm":-241,"right_pwm":-255,"ultrasonic_cm":0,"ir_left":true,"ir_center":true,"ir_right":true,"rf_rssi":-70,"timestamp":184664}
aethernet/rover/command {"left_pwm":-255,"right_pwm":-208,"mode":1}
aethernet/rover/telemetry {"left_pwm":-241,"right_pwm":-255,"ultrasonic_cm":0,"ir_left":true,"ir_center":true,"ir_right":true,"rf_rssi":-70,"timestamp":184692}
aethernet/rover/command {"left_pwm":-255,"right_pwm":-117,"mode":1}
aethernet/rover/telemetry {"left_pwm":-242,"right_pwm":-255,"ultrasonic_cm":0,"ir_left":true,"ir_center":true,"ir_right":true,"rf_rssi":-70,"timestamp":184756}
aethernet/rover/command {"left_pwm":-255,"right_pwm":0,"mode":1}
aethernet/rover/command {"left_pwm":-255,"right_pwm":85,"mode":1}
aethernet/rover/telemetry {"left_pwm":-246,"right_pwm":-255,"ultrasonic_cm":0,"ir_left":true,"ir_center":true,"ir_right":true,"rf_rssi":-70,"timestamp":184812}
aethernet/rover/command {"left_pwm":-255,"right_pwm":146,"mode":1}
aethernet/rover/command {"left_pwm":-255,"right_pwm":178,"mode":1}
aethernet/rover/command {"left_pwm":-255,"right_pwm":198,"mode":1}
aethernet/rover/command {"left_pwm":-255,"right_pwm":215,"mode":1}
aethernet/rover/command {"left_pwm":-255,"right_pwm":227,"mode":1}
aethernet/rover/command {"left_pwm":-255,"right_pwm":238,"mode":1}
aethernet/rover/command {"left_pwm":-255,"right_pwm":247,"mode":1}
aethernet/rover/telemetry {"left_pwm":-255,"right_pwm":-117,"ultrasonic_cm":0,"ir_left":true,"ir_center":true,"ir_right":true,"rf_rssi":-70,"timestamp":184871}
aethernet/rover/telemetry {"left_pwm":-255,"right_pwm":0,"ultrasonic_cm":0,"ir_left":true,"ir_center":true,"ir_right":true,"rf_rssi":-70,"timestamp":185259}
aethernet/rover/telemetry {"left_pwm":-255,"right_pwm":0,"ultrasonic_cm":0,"ir_left":true,"ir_center":true,"ir_right":true,"rf_rssi":-70,"timestamp":185272}
aethernet/rover/command {"left_pwm":-255,"right_pwm":253,"mode":1}
aethernet/rover/telemetry {"left_pwm":-255,"right_pwm":85,"ultrasonic_cm":0,"ir_left":true,"ir_center":true,"ir_right":true,"rf_rssi":-70,"timestamp":185286}
aethernet/rover/telemetry {"left_pwm":-255,"right_pwm":146,"ultrasonic_cm":0,"ir_left":true,"ir_center":true,"ir_right":true,"rf_rssi":-70,"timestamp":185315}
aethernet/rover/telemetry {"left_pwm":-255,"right_pwm":178,"ultrasonic_cm":0,"ir_left":true,"ir_center":true,"ir_right":true,"rf_rssi":-70,"timestamp":185348}
aethernet/rover/command {"left_pwm":-253,"right_pwm":255,"mode":1}
aethernet/rover/telemetry {"left_pwm":-255,"right_pwm":198,"ultrasonic_cm":0,"ir_left":true,"ir_center":true,"ir_right":true,"rf_rssi":-70,"timestamp":185372}
aethernet/rover/command {"left_pwm":-250,"right_pwm":255,"mode":1}
aethernet/rover/telemetry {"left_pwm":-255,"right_pwm":215,"ultrasonic_cm":0,"ir_left":true,"ir_center":true,"ir_right":true,"rf_rssi":-70,"timestamp":185398}
aethernet/rover/telemetry {"left_pwm":-255,"right_pwm":227,"ultrasonic_cm":0,"ir_left":true,"ir_center":true,"ir_right":true,"rf_rssi":-70,"timestamp":185426}
aethernet/rover/telemetry {"left_pwm":-255,"right_pwm":238,"ultrasonic_cm":0,"ir_left":true,"ir_center":true,"ir_right":true,"rf_rssi":-70,"timestamp":185456}
aethernet/rover/command {"left_pwm":-250,"right_pwm":255,"mode":1}
aethernet/rover/command {"left_pwm":-253,"right_pwm":255,"mode":1}
aethernet/rover/command {"left_pwm":-255,"right_pwm":255,"mode":1}
aethernet/rover/command {"left_pwm":-255,"right_pwm":254,"mode":1}
aethernet/rover/telemetry {"left_pwm":-255,"right_pwm":247,"ultrasonic_cm":0,"ir_left":true,"ir_center":true,"ir_right":true,"rf_rssi":-70,"timestamp":185870}
aethernet/rover/telemetry {"left_pwm":-255,"right_pwm":253,"ultrasonic_cm":0,"ir_left":true,"ir_center":true,"ir_right":true,"rf_rssi":-70,"timestamp":185914}
aethernet/rover/telemetry {"left_pwm":-250,"right_pwm":255,"ultrasonic_cm":0,"ir_left":true,"ir_center":true,"ir_right":true,"rf_rssi":-70,"timestamp":185928}
aethernet/rover/telemetry {"left_pwm":-253,"right_pwm":255,"ultrasonic_cm":0,"ir_left":true,"ir_center":true,"ir_right":true,"rf_rssi":-70,"timestamp":185945}
aethernet/rover/command {"left_pwm":-255,"right_pwm":254,"mode":1}
aethernet/rover/telemetry {"left_pwm":-255,"right_pwm":255,"ultrasonic_cm":0,"ir_left":true,"ir_center":true,"ir_right":true,"rf_rssi":-70,"timestamp":186481}
aethernet/rover/command {"left_pwm":-255,"right_pwm":253,"mode":1}
aethernet/rover/telemetry {"left_pwm":-255,"right_pwm":254,"ultrasonic_cm":0,"ir_left":true,"ir_center":true,"ir_right":true,"rf_rssi":-70,"timestamp":187449}
aethernet/rover/command {"left_pwm":-255,"right_pwm":252,"mode":1}
aethernet/rover/command {"left_pwm":-255,"right_pwm":251,"mode":1}
aethernet/rover/telemetry {"left_pwm":-255,"right_pwm":254,"ultrasonic_cm":0,"ir_left":true,"ir_center":true,"ir_right":true,"rf_rssi":-70,"timestamp":187738}
aethernet/rover/telemetry {"left_pwm":-255,"right_pwm":254,"ultrasonic_cm":0,"ir_left":true,"ir_center":true,"ir_right":true,"rf_rssi":-70,"timestamp":187767}
aethernet/rover/command {"left_pwm":-255,"right_pwm":250,"mode":1}
aethernet/rover/telemetry {"left_pwm":-255,"right_pwm":252,"ultrasonic_cm":0,"ir_left":true,"ir_center":true,"ir_right":true,"rf_rssi":-70,"timestamp":188953}
aethernet/rover/command {"left_pwm":-255,"right_pwm":249,"mode":1}
aethernet/mega/status {"door_locked":true,"laser_armed":true,"laser_beam_intact":false,"free_ram":7238,"uptime_ms":205006}
aethernet/rover/telemetry {"left_pwm":-255,"right_pwm":251,"ultrasonic_cm":0,"ir_left":true,"ir_center":true,"ir_right":true,"rf_rssi":-70,"timestamp":189168}
aethernet/rover/command {"left_pwm":-255,"right_pwm":249,"mode":1}
aethernet/rover/telemetry {"left_pwm":-255,"right_pwm":250,"ultrasonic_cm":0,"ir_left":true,"ir_center":true,"ir_right":true,"rf_rssi":-70,"timestamp":189581}
aethernet/rover/command {"left_pwm":-255,"right_pwm":249,"mode":1}
aethernet/rover/command {"left_pwm":-255,"right_pwm":249,"mode":1}
aethernet/rover/telemetry {"left_pwm":-255,"right_pwm":249,"ultrasonic_cm":0,"ir_left":true,"ir_center":true,"ir_right":true,"rf_rssi":-70,"timestamp":189874}
aethernet/rover/telemetry {"left_pwm":-255,"right_pwm":249,"ultrasonic_cm":0,"ir_left":true,"ir_center":true,"ir_right":true,"rf_rssi":-70,"timestamp":189888}
aethernet/rover/command {"left_pwm":-255,"right_pwm":248,"mode":1}
aethernet/rover/telemetry {"left_pwm":-255,"right_pwm":249,"ultrasonic_cm":0,"ir_left":true,"ir_center":true,"ir_right":true,"rf_rssi":-70,"timestamp":190487}
aethernet/rover/command {"left_pwm":-255,"right_pwm":247,"mode":1}
aethernet/rover/telemetry {"left_pwm":-255,"right_pwm":249,"ultrasonic_cm":0,"ir_left":true,"ir_center":true,"ir_right":true,"rf_rssi":-70,"timestamp":191115}
aethernet/rover/command {"left_pwm":-255,"right_pwm":246,"mode":1}
aethernet/rover/telemetry {"left_pwm":-255,"right_pwm":249,"ultrasonic_cm":0,"ir_left":true,"ir_center":true,"ir_right":true,"rf_rssi":-70,"timestamp":191221}
aethernet/rover/command {"left_pwm":-255,"right_pwm":245,"mode":1}
aethernet/rover/command {"left_pwm":-255,"right_pwm":245,"mode":1}
aethernet/rover/command {"left_pwm":-255,"right_pwm":244,"mode":1}
aethernet/rover/telemetry {"left_pwm":-255,"right_pwm":248,"ultrasonic_cm":0,"ir_left":true,"ir_center":true,"ir_right":true,"rf_rssi":-70,"timestamp":192337}
aethernet/rover/telemetry {"left_pwm":-255,"right_pwm":247,"ultrasonic_cm":0,"ir_left":true,"ir_center":true,"ir_right":true,"rf_rssi":-70,"timestamp":192368}
aethernet/rover/telemetry {"left_pwm":-255,"right_pwm":245,"ultrasonic_cm":0,"ir_left":true,"ir_center":true,"ir_right":true,"rf_rssi":-70,"timestamp":192389}
aethernet/rover/command {"left_pwm":-255,"right_pwm":243,"mode":1}
aethernet/rover/command {"left_pwm":0,"right_pwm":0,"mode":0}
aethernet/rover/telemetry {"left_pwm":-255,"right_pwm":245,"ultrasonic_cm":0,"ir_left":true,"ir_center":true,"ir_right":true,"rf_rssi":-70,"timestamp":192503}
aethernet/rover/telemetry {"left_pwm":-255,"right_pwm":244,"ultrasonic_cm":0,"ir_left":true,"ir_center":true,"ir_right":true,"rf_rssi":-70,"timestamp":193239}
aethernet/mega/status {"door_locked":true,"laser_armed":true,"laser_beam_intact":false,"free_ram":7238,"uptime_ms":210006}
aethernet/mega/status {"door_locked":true,"laser_armed":true,"laser_beam_intact":false,"free_ram":7238,"uptime_ms":215006}
aethernet/mega/status {"door_locked":true,"laser_armed":true,"laser_beam_intact":false,"free_ram":7238,"uptime_ms":220006}
aethernet/mega/status {"door_locked":true,"laser_armed":true,"laser_beam_intact":false,"free_ram":7238,"uptime_ms":225006}
aethernet/system/status {"status":"heartbeat","wifi_rssi":-73,"free_heap":217648,"uptime_ms":210065,"rf_connected":false}
aethernet/mega/status {"door_locked":true,"laser_armed":true,"laser_beam_intact":false,"free_ram":7238,"uptime_ms":230006}
aethernet/mega/status {"door_locked":true,"laser_armed":true,"laser_beam_intact":false,"free_ram":7238,"uptime_ms":235006}
aethernet/mega/status {"door_locked":true,"laser_armed":true,"laser_beam_intact":false,"free_ram":7238,"uptime_ms":240006}
aethernet/mega/status {"door_locked":true,"laser_armed":true,"laser_beam_intact":false,"free_ram":7238,"uptime_ms":245006}
aethernet/mega/status {"door_locked":true,"laser_armed":true,"laser_beam_intact":false,"free_ram":7238,"uptime_ms":250006}
aethernet/mega/status {"door_locked":true,"laser_armed":true,"laser_beam_intact":false,"free_ram":7238,"uptime_ms":255006}
aethernet/system/status {"status":"heartbeat","wifi_rssi":-75,"free_heap":218168,"uptime_ms":240076,"rf_connected":false}
aethernet/mega/status {"door_locked":true,"laser_armed":true,"laser_beam_intact":false,"free_ram":7238,"uptime_ms":260006}
aethernet/mega/status {"door_locked":true,"laser_armed":true,"laser_beam_intact":false,"free_ram":7238,"uptime_ms":265006}
aethernet/mega/status {"door_locked":true,"laser_armed":true,"laser_beam_intact":false,"free_ram":7238,"uptime_ms":270006}
aethernet/mega/status {"door_locked":true,"laser_armed":true,"laser_beam_intact":false,"free_ram":7238,"uptime_ms":275006}
aethernet/mega/status {"door_locked":true,"laser_armed":true,"laser_beam_intact":false,"free_ram":7238,"uptime_ms":280006}
aethernet/mega/status {"door_locked":true,"laser_armed":true,"laser_beam_intact":false,"free_ram":7238,"uptime_ms":285006}
aethernet/system/status {"status":"heartbeat","wifi_rssi":-67,"free_heap":218168,"uptime_ms":270087,"rf_connected":false}
aethernet/mega/status {"door_locked":true,"laser_armed":true,"laser_beam_intact":false,"free_ram":7238,"uptime_ms":290006}
aethernet/mega/status {"door_locked":true,"laser_armed":true,"laser_beam_intact":false,"free_ram":7238,"uptime_ms":295006}
aethernet/mega/status {"door_locked":true,"laser_armed":true,"laser_beam_intact":false,"free_ram":7238,"uptime_ms":300006}
aethernet/mega/status {"door_locked":true,"laser_armed":true,"laser_beam_intact":false,"free_ram":7238,"uptime_ms":305006}
aethernet/mega/status {"door_locked":true,"laser_armed":true,"laser_beam_intact":false,"free_ram":7238,"uptime_ms":310006}
aethernet/mega/status {"door_locked":true,"laser_armed":true,"laser_beam_intact":false,"free_ram":7238,"uptime_ms":315006}
aethernet/system/status {"status":"heartbeat","wifi_rssi":-74,"free_heap":218168,"uptime_ms":300097,"rf_connected":false}
aethernet/mega/status {"door_locked":true,"laser_armed":true,"laser_beam_intact":false,"free_ram":7238,"uptime_ms":320006}
aethernet/mega/status {"door_locked":true,"laser_armed":true,"laser_beam_intact":false,"free_ram":7238,"uptime_ms":325006}
aethernet/mega/status {"door_locked":true,"laser_armed":true,"laser_beam_intact":false,"free_ram":7238,"uptime_ms":330006}
aethernet/mega/status {"door_locked":true,"laser_armed":true,"laser_beam_intact":false,"free_ram":7238,"uptime_ms":335006}
aethernet/mega/status {"door_locked":true,"laser_armed":true,"laser_beam_intact":false,"free_ram":7238,"uptime_ms":340006}
aethernet/mega/status {"door_locked":true,"laser_armed":true,"laser_beam_intact":false,"free_ram":7238,"uptime_ms":345006}
aethernet/system/status {"status":"heartbeat","wifi_rssi":-67,"free_heap":218168,"uptime_ms":330107,"rf_connected":false}
aethernet/mega/status {"door_locked":true,"laser_armed":true,"laser_beam_intact":false,"free_ram":7238,"uptime_ms":350006}
aethernet/mega/status {"door_locked":true,"laser_armed":true,"laser_beam_intact":false,"free_ram":7238,"uptime_ms":355006}
aethernet/mega/status {"door_locked":true,"laser_armed":true,"laser_beam_intact":false,"free_ram":7238,"uptime_ms":360006}
aethernet/mega/status {"door_locked":true,"laser_armed":true,"laser_beam_intact":false,"free_ram":7238,"uptime_ms":365006}
aethernet/mega/status {"door_locked":true,"laser_armed":true,"laser_beam_intact":false,"free_ram":7238,"uptime_ms":370006}
aethernet/mega/status {"door_locked":true,"laser_armed":true,"laser_beam_intact":false,"free_ram":7238,"uptime_ms":375006}
aethernet/system/status {"status":"heartbeat","wifi_rssi":-69,"free_heap":218168,"uptime_ms":360117,"rf_connected":false}
aethernet/mega/status {"door_locked":true,"laser_armed":true,"laser_beam_intact":false,"free_ram":7238,"uptime_ms":380006}
aethernet/mega/status {"door_locked":true,"laser_armed":true,"laser_beam_intact":false,"free_ram":7238,"uptime_ms":385006}
aethernet/mega/status {"door_locked":true,"laser_armed":true,"laser_beam_intact":false,"free_ram":7238,"uptime_ms":390006}
aethernet/mega/status {"door_locked":true,"laser_armed":true,"laser_beam_intact":false,"free_ram":7238,"uptime_ms":395006}
aethernet/mega/status {"door_locked":true,"laser_armed":true,"laser_beam_intact":false,"free_ram":7238,"uptime_ms":400006}
aethernet/mega/status {"door_locked":true,"laser_armed":true,"laser_beam_intact":false,"free_ram":7238,"uptime_ms":405006}
aethernet/system/status {"status":"heartbeat","wifi_rssi":-66,"free_heap":218168,"uptime_ms":390129,"rf_connected":false}
aethernet/mega/status {"door_locked":true,"laser_armed":true,"laser_beam_intact":false,"free_ram":7238,"uptime_ms":410006}
aethernet/mega/status {"door_locked":true,"laser_armed":true,"laser_beam_intact":false,"free_ram":7238,"uptime_ms":415006}
aethernet/mega/status {"door_locked":true,"laser_armed":true,"laser_beam_intact":false,"free_ram":7238,"uptime_ms":420006}
aethernet/mega/status {"door_locked":true,"laser_armed":true,"laser_beam_intact":false,"free_ram":7238,"uptime_ms":425006}
aethernet/mega/status {"door_locked":true,"laser_armed":true,"laser_beam_intact":false,"free_ram":7238,"uptime_ms":430006}
aethernet/mega/status {"door_locked":true,"laser_armed":true,"laser_beam_intact":false,"free_ram":7238,"uptime_ms":435006}
aethernet/system/status {"status":"heartbeat","wifi_rssi":-73,"free_heap":218168,"uptime_ms":420139,"rf_connected":false}
aethernet/mega/status {"door_locked":true,"laser_armed":true,"laser_beam_intact":false,"free_ram":7238,"uptime_ms":440006}
aethernet/mega/status {"door_locked":true,"laser_armed":true,"laser_beam_intact":false,"free_ram":7238,"uptime_ms":445006}
aethernet/mega/status {"door_locked":true,"laser_armed":true,"laser_beam_intact":false,"free_ram":7238,"uptime_ms":450006}
aethernet/mega/status {"door_locked":true,"laser_armed":true,"laser_beam_intact":false,"free_ram":7238,"uptime_ms":455006}
aethernet/mega/status {"door_locked":true,"laser_armed":true,"laser_beam_intact":false,"free_ram":7238,"uptime_ms":460006}
aethernet/mega/status {"door_locked":true,"laser_armed":true,"laser_beam_intact":false,"free_ram":7238,"uptime_ms":465006}
aethernet/system/status {"status":"heartbeat","wifi_rssi":-72,"free_heap":218168,"uptime_ms":450150,"rf_connected":false}
aethernet/mega/status {"door_locked":true,"laser_armed":true,"laser_beam_intact":false,"free_ram":7238,"uptime_ms":470006}
aethernet/mega/status {"door_locked":true,"laser_armed":true,"laser_beam_intact":false,"free_ram":7238,"uptime_ms":475006}
aethernet/mega/status {"door_locked":true,"laser_armed":true,"laser_beam_intact":false,"free_ram":7238,"uptime_ms":480006}
aethernet/mega/status {"door_locked":true,"laser_armed":true,"laser_beam_intact":false,"free_ram":7238,"uptime_ms":485006}
aethernet/mega/status {"door_locked":true,"laser_armed":true,"laser_beam_intact":false,"free_ram":7238,"uptime_ms":490006}
aethernet/mega/status {"door_locked":true,"laser_armed":true,"laser_beam_intact":false,"free_ram":7238,"uptime_ms":495006}
aethernet/system/status {"status":"heartbeat","wifi_rssi":-70,"free_heap":216384,"uptime_ms":480160,"rf_connected":false}
aethernet/mega/status {"door_locked":true,"laser_armed":true,"laser_beam_intact":false,"free_ram":7238,"uptime_ms":500006}
aethernet/mega/status {"door_locked":true,"laser_armed":true,"laser_beam_intact":false,"free_ram":7238,"uptime_ms":505006}
aethernet/mega/status {"door_locked":true,"laser_armed":true,"laser_beam_intact":false,"free_ram":7238,"uptime_ms":510006}
aethernet/mega/status {"door_locked":true,"laser_armed":true,"laser_beam_intact":false,"free_ram":7238,"uptime_ms":515006}
aethernet/mega/status {"door_locked":true,"laser_armed":true,"laser_beam_intact":false,"free_ram":7238,"uptime_ms":520006}
aethernet/mega/status {"door_locked":true,"laser_armed":true,"laser_beam_intact":false,"free_ram":7238,"uptime_ms":525006}
aethernet/system/status {"status":"heartbeat","wifi_rssi":-73,"free_heap":218168,"uptime_ms":510172,"rf_connected":false}
aethernet/mega/status {"door_locked":true,"laser_armed":true,"laser_beam_intact":false,"free_ram":7238,"uptime_ms":530006}
aethernet/mega/status {"door_locked":true,"laser_armed":true,"laser_beam_intact":false,"free_ram":7238,"uptime_ms":535006}
aethernet/mega/status {"door_locked":true,"laser_armed":true,"laser_beam_intact":false,"free_ram":7238,"uptime_ms":540006}
aethernet/mega/status {"door_locked":true,"laser_armed":true,"laser_beam_intact":false,"free_ram":7238,"uptime_ms":545006}
aethernet/mega/status {"door_locked":true,"laser_armed":true,"laser_beam_intact":false,"free_ram":7238,"uptime_ms":550006}
aethernet/mega/status {"door_locked":true,"laser_armed":true,"laser_beam_intact":false,"free_ram":7238,"uptime_ms":555006}
aethernet/system/status {"status":"heartbeat","wifi_rssi":-76,"free_heap":218168,"uptime_ms":540183,"rf_connected":false}
aethernet/mega/status {"door_locked":true,"laser_armed":true,"laser_beam_intact":false,"free_ram":7238,"uptime_ms":560006}
aethernet/mega/status {"door_locked":true,"laser_armed":true,"laser_beam_intact":false,"free_ram":7238,"uptime_ms":565006}
aethernet/mega/status {"door_locked":true,"laser_armed":true,"laser_beam_intact":false,"free_ram":7238,"uptime_ms":570006}
aethernet/mega/status {"door_locked":true,"laser_armed":true,"laser_beam_intact":false,"free_ram":7238,"uptime_ms":575006}
aethernet/mega/status {"door_locked":true,"laser_armed":true,"laser_beam_intact":false,"free_ram":7238,"uptime_ms":580006}
aethernet/mega/status {"door_locked":true,"laser_armed":true,"laser_beam_intact":false,"free_ram":7238,"uptime_ms":585006}
aethernet/system/status {"status":"heartbeat","wifi_rssi":-72,"free_heap":218168,"uptime_ms":570193,"rf_connected":false}
aethernet/mega/status {"door_locked":true,"laser_armed":true,"laser_beam_intact":false,"free_ram":7238,"uptime_ms":590006}
aethernet/mega/status {"door_locked":true,"laser_armed":true,"laser_beam_intact":false,"free_ram":7238,"uptime_ms":595006}
aethernet/mega/status {"door_locked":true,"laser_armed":true,"laser_beam_intact":false,"free_ram":7238,"uptime_ms":600006}
