aethernet/rover/telemetry {"left_pwm":0,"right_pwm":0,"ultrasonic_cm":0,"ir_left":false,"ir_center":false,"ir_right":false,"rf_rssi":-70,"timestamp":107600}
aethernet/rover/telemetry {"left_pwm":0,"right_pwm":0,"ultrasonic_cm":14,"ir_left":false,"ir_center":false,"ir_right":false,"rf_rssi":-70,"timestamp":107614}
aethernet/rover/telemetry {"left_pwm":0,"right_pwm":0,"ultrasonic_cm":14,"ir_left":false,"ir_center":false,"ir_right":false,"rf_rssi":-70,"timestamp":107628}
aethernet/rover/telemetry {"left_pwm":138,"right_pwm":64,"ultrasonic_cm":24,"ir_left":false,"ir_center":false,"ir_right":false,"rf_rssi":-70,"timestamp":107642}
aethernet/rover/telemetry {"left_pwm":204,"right_pwm":95,"ultrasonic_cm":24,"ir_left":false,"ir_center":false,"ir_right":false,"rf_rssi":-70,"timestamp":107656}
aethernet/rover/telemetry {"left_pwm":255,"right_pwm":125,"ultrasonic_cm":24,"ir_left":false,"ir_center":false,"ir_right":false,"rf_rssi":-70,"timestamp":107680}
aethernet/rover/telemetry {"left_pwm":255,"right_pwm":145,"ultrasonic_cm":24,"ir_left":false,"ir_center":false,"ir_right":false,"rf_rssi":-70,"timestamp":107734}
aethernet/rover/telemetry {"left_pwm":255,"right_pwm":160,"ultrasonic_cm":24,"ir_left":false,"ir_center":false,"ir_right":false,"rf_rssi":-70,"timestamp":107908}
aethernet/rover/telemetry {"left_pwm":255,"right_pwm":160,"ultrasonic_cm":24,"ir_left":false,"ir_center":false,"ir_right":false,"rf_rssi":-70,"timestamp":107922}
aethernet/rover/telemetry {"left_pwm":255,"right_pwm":175,"ultrasonic_cm":23,"ir_left":false,"ir_center":false,"ir_right":false,"rf_rssi":-70,"timestamp":107936}
aethernet/rover/telemetry {"left_pwm":255,"right_pwm":175,"ultrasonic_cm":24,"ir_left":false,"ir_center":false,"ir_right":false,"rf_rssi":-70,"timestamp":113124}
aethernet/rover/telemetry {"left_pwm":255,"right_pwm":175,"ultrasonic_cm":23,"ir_left":false,"ir_center":false,"ir_right":false,"rf_rssi":-70,"timestamp":113138}
aethernet/rover/telemetry {"left_pwm":0,"right_pwm":0,"ultrasonic_cm":94,"ir_left":true,"ir_center":false,"ir_right":true,"rf_rssi":-70,"timestamp":113152}
aethernet/rover/telemetry {"left_pwm":163,"right_pwm":120,"ultrasonic_cm":94,"ir_left":true,"ir_center":false,"ir_right":true,"rf_rssi":-70,"timestamp":113166}
aethernet/rover/telemetry {"left_pwm":226,"right_pwm":200,"ultrasonic_cm":94,"ir_left":true,"ir_center":false,"ir_right":true,"rf_rssi":-70,"timestamp":113190}
aethernet/rover/telemetry {"left_pwm":255,"right_pwm":243,"ultrasonic_cm":94,"ir_left":true,"ir_center":false,"ir_right":true,"rf_rssi":-70,"timestamp":113254}
aethernet/rover/telemetry {"left_pwm":255,"right_pwm":252,"ultrasonic_cm":95,"ir_left":true,"ir_center":false,"ir_right":true,"rf_rssi":-70,"timestamp":113338}
aethernet/rover/telemetry {"left_pwm":255,"right_pwm":254,"ultrasonic_cm":95,"ir_left":true,"ir_center":false,"ir_right":true,"rf_rssi":-70,"timestamp":113392}
aethernet/rover/telemetry {"left_pwm":254,"right_pwm":255,"ultrasonic_cm":95,"ir_left":true,"ir_center":false,"ir_right":true,"rf_rssi":-70,"timestamp":113416}
aethernet/rover/telemetry {"left_pwm":250,"right_pwm":255,"ultrasonic_cm":95,"ir_left":true,"ir_center":false,"ir_right":true,"rf_rssi":-70,"timestamp":113470}
aethernet/rover/telemetry {"left_pwm":250,"right_pwm":255,"ultrasonic_cm":94,"ir_left":true,"ir_center":false,"ir_right":true,"rf_rssi":-70,"timestamp":113494}
aethernet/rover/telemetry {"left_pwm":253,"right_pwm":255,"ultrasonic_cm":96,"ir_left":true,"ir_center":false,"ir_right":true,"rf_rssi":-70,"timestamp":114049}
aethernet/rover/telemetry {"left_pwm":0,"right_pwm":0,"ultrasonic_cm":96,"ir_left":true,"ir_center":false,"ir_right":true,"rf_rssi":-70,"timestamp":114063}
aethernet/rover/telemetry {"left_pwm":0,"right_pwm":0,"ultrasonic_cm":98,"ir_left":true,"ir_center":false,"ir_right":true,"rf_rssi":-70,"timestamp":114077}
aethernet/rover/telemetry {"left_pwm":0,"right_pwm":0,"ultrasonic_cm":98,"ir_left":true,"ir_center":false,"ir_right":true,"rf_rssi":-70,"timestamp":114111}
aethernet/rover/telemetry {"left_pwm":151,"right_pwm":223,"ultrasonic_cm":99,"ir_left":true,"ir_center":false,"ir_right":true,"rf_rssi":-70,"timestamp":114175}
aethernet/rover/telemetry {"left_pwm":198,"right_pwm":255,"ultrasonic_cm":98,"ir_left":true,"ir_center":false,"ir_right":true,"rf_rssi":-70,"timestamp":114229}
aethernet/rover/telemetry {"left_pwm":196,"right_pwm":255,"ultrasonic_cm":96,"ir_left":true,"ir_center":false,"ir_right":true,"rf_rssi":-70,"timestamp":114263}
aethernet/rover/telemetry {"left_pwm":196,"right_pwm":255,"ultrasonic_cm":96,"ir_left":true,"ir_center":false,"ir_right":true,"rf_rssi":-70,"timestamp":114967}
aethernet/rover/telemetry {"left_pwm":0,"right_pwm":0,"ultrasonic_cm":97,"ir_left":true,"ir_center":false,"ir_right":true,"rf_rssi":-70,"timestamp":114981}
aethernet/rover/telemetry {"left_pwm":-101,"right_pwm":69,"ultrasonic_cm":95,"ir_left":true,"ir_center":false,"ir_right":true,"rf_rssi":-70,"timestamp":114995}
aethernet/rover/telemetry {"left_pwm":0,"right_pwm":187,"ultrasonic_cm":96,"ir_left":true,"ir_center":false,"ir_right":true,"rf_rssi":-70,"timestamp":115009}
aethernet/rover/telemetry {"left_pwm":174,"right_pwm":255,"ultrasonic_cm":95,"ir_left":true,"ir_center":false,"ir_right":true,"rf_rssi":-70,"timestamp":115023}
aethernet/rover/telemetry {"left_pwm":178,"right_pwm":255,"ultrasonic_cm":96,"ir_left":true,"ir_center":false,"ir_right":true,"rf_rssi":-70,"timestamp":115037}
aethernet/rover/telemetry {"left_pwm":183,"right_pwm":255,"ultrasonic_cm":97,"ir_left":true,"ir_center":false,"ir_right":true,"rf_rssi":-70,"timestamp":115591}
aethernet/rover/telemetry {"left_pwm":0,"right_pwm":0,"ultrasonic_cm":96,"ir_left":true,"ir_center":false,"ir_right":true,"rf_rssi":-70,"timestamp":115605}
aethernet/rover/telemetry {"left_pwm":0,"right_pwm":0,"ultrasonic_cm":98,"ir_left":true,"ir_center":false,"ir_right":true,"rf_rssi":-70,"timestamp":115619}
aethernet/rover/telemetry {"left_pwm":-121,"right_pwm":0,"ultrasonic_cm":97,"ir_left":true,"ir_center":false,"ir_right":true,"rf_rssi":-70,"timestamp":115893}
aethernet/rover/telemetry {"left_pwm":0,"right_pwm":203,"ultrasonic_cm":97,"ir_left":true,"ir_center":false,"ir_right":true,"rf_rssi":-70,"timestamp":115907}
aethernet/rover/telemetry {"left_pwm":138,"right_pwm":255,"ultrasonic_cm":95,"ir_left":true,"ir_center":false,"ir_right":true,"rf_rssi":-70,"timestamp":115921}
aethernet/rover/telemetry {"left_pwm":145,"right_pwm":255,"ultrasonic_cm":96,"ir_left":true,"ir_center":false,"ir_right":true,"rf_rssi":-70,"timestamp":118655}
aethernet/rover/telemetry {"left_pwm":152,"right_pwm":255,"ultrasonic_cm":97,"ir_left":true,"ir_center":false,"ir_right":true,"rf_rssi":-70,"timestamp":118670}
aethernet/rover/telemetry {"left_pwm":0,"right_pwm":0,"ultrasonic_cm":104,"ir_left":false,"ir_center":false,"ir_right":true,"rf_rssi":-70,"timestamp":118684}
aethernet/rover/telemetry {"left_pwm":0,"right_pwm":0,"ultrasonic_cm":104,"ir_left":false,"ir_center":false,"ir_right":true,"rf_rssi":-70,"timestamp":118698}
aethernet/rover/telemetry {"left_pwm":95,"right_pwm":-71,"ultrasonic_cm":103,"ir_left":false,"ir_center":false,"ir_right":true,"rf_rssi":-70,"timestamp":118712}
aethernet/rover/telemetry {"left_pwm":162,"right_pwm":-143,"ultrasonic_cm":103,"ir_left":false,"ir_center":false,"ir_right":true,"rf_rssi":-70,"timestamp":118726}
aethernet/rover/telemetry {"left_pwm":216,"right_pwm":-216,"ultrasonic_cm":103,"ir_left":false,"ir_center":false,"ir_right":true,"rf_rssi":-70,"timestamp":118756}
aethernet/rover/telemetry {"left_pwm":251,"right_pwm":-255,"ultrasonic_cm":103,"ir_left":false,"ir_center":false,"ir_right":true,"rf_rssi":-70,"timestamp":118780}
aethernet/rover/telemetry {"left_pwm":245,"right_pwm":-255,"ultrasonic_cm":103,"ir_left":false,"ir_center":false,"ir_right":true,"rf_rssi":-70,"timestamp":118874}
aethernet/rover/telemetry {"left_pwm":242,"right_pwm":-255,"ultrasonic_cm":101,"ir_left":false,"ir_center":false,"ir_right":true,"rf_rssi":-70,"timestamp":119278}
aethernet/rover/telemetry {"left_pwm":239,"right_pwm":-255,"ultrasonic_cm":101,"ir_left":false,"ir_center":false,"ir_right":true,"rf_rssi":-70,"timestamp":119292}
aethernet/rover/telemetry {"left_pwm":239,"right_pwm":-255,"ultrasonic_cm":101,"ir_left":false,"ir_center":false,"ir_right":true,"rf_rssi":-70,"timestamp":119886}
aethernet/rover/telemetry {"left_pwm":239,"right_pwm":-255,"ultrasonic_cm":101,"ir_left":false,"ir_center":false,"ir_right":true,"rf_rssi":-70,"timestamp":119900}
aethernet/rover/telemetry {"left_pwm":0,"right_pwm":0,"ultrasonic_cm":101,"ir_left":false,"ir_center":false,"ir_right":true,"rf_rssi":-70,"timestamp":119914}
aethernet/rover/telemetry {"left_pwm":171,"right_pwm":-171,"ultrasonic_cm":101,"ir_left":false,"ir_center":false,"ir_right":true,"rf_rssi":-70,"timestamp":119928}
aethernet/rover/telemetry {"left_pwm":232,"right_pwm":-211,"ultrasonic_cm":98,"ir_left":false,"ir_center":false,"ir_right":true,"rf_rssi":-70,"timestamp":119942}
aethernet/rover/telemetry {"left_pwm":255,"right_pwm":-238,"ultrasonic_cm":98,"ir_left":false,"ir_center":false,"ir_right":true,"rf_rssi":-70,"timestamp":120127}
aethernet/rover/telemetry {"left_pwm":255,"right_pwm":-238,"ultrasonic_cm":98,"ir_left":false,"ir_center":false,"ir_right":true,"rf_rssi":-70,"timestamp":120141}
aethernet/rover/telemetry {"left_pwm":255,"right_pwm":-241,"ultrasonic_cm":98,"ir_left":false,"ir_center":false,"ir_right":true,"rf_rssi":-70,"timestamp":120155}
aethernet/rover/telemetry {"left_pwm":255,"right_pwm":-245,"ultrasonic_cm":98,"ir_left":false,"ir_center":false,"ir_right":true,"rf_rssi":-70,"timestamp":120169}
aethernet/rover/telemetry {"left_pwm":255,"right_pwm":-249,"ultrasonic_cm":98,"ir_left":false,"ir_center":false,"ir_right":true,"rf_rssi":-70,"timestamp":120193}
aethernet/rover/telemetry {"left_pwm":255,"right_pwm":-251,"ultrasonic_cm":98,"ir_left":false,"ir_center":false,"ir_right":true,"rf_rssi":-70,"timestamp":120497}
aethernet/rover/telemetry {"left_pwm":255,"right_pwm":-252,"ultrasonic_cm":98,"ir_left":false,"ir_center":false,"ir_right":true,"rf_rssi":-70,"timestamp":120511}
aethernet/rover/telemetry {"left_pwm":255,"right_pwm":-253,"ultrasonic_cm":97,"ir_left":false,"ir_center":false,"ir_right":true,"rf_rssi":-70,"timestamp":120525}
aethernet/rover/telemetry {"left_pwm":255,"right_pwm":-254,"ultrasonic_cm":97,"ir_left":false,"ir_center":false,"ir_right":true,"rf_rssi":-70,"timestamp":120539}
aethernet/rover/telemetry {"left_pwm":255,"right_pwm":-255,"ultrasonic_cm":97,"ir_left":false,"ir_center":false,"ir_right":true,"rf_rssi":-70,"timestamp":125410}
aethernet/rover/telemetry {"left_pwm":0,"right_pwm":0,"ultrasonic_cm":97,"ir_left":false,"ir_center":false,"ir_right":true,"rf_rssi":-70,"timestamp":125424}
aethernet/rover/telemetry {"left_pwm":-94,"right_pwm":0,"ultrasonic_cm":26,"ir_left":false,"ir_center":true,"ir_right":false,"rf_rssi":-70,"timestamp":125448}
aethernet/rover/telemetry {"left_pwm":-94,"right_pwm":0,"ultrasonic_cm":26,"ir_left":false,"ir_center":true,"ir_right":false,"rf_rssi":-70,"timestamp":125492}
aethernet/rover/telemetry {"left_pwm":-246,"right_pwm":-187,"ultrasonic_cm":26,"ir_left":false,"ir_center":true,"ir_right":false,"rf_rssi":-70,"timestamp":125556}
aethernet/rover/telemetry {"left_pwm":-255,"right_pwm":-214,"ultrasonic_cm":26,"ir_left":false,"ir_center":true,"ir_right":false,"rf_rssi":-70,"timestamp":125620}
aethernet/rover/telemetry {"left_pwm":-255,"right_pwm":-214,"ultrasonic_cm":26,"ir_left":false,"ir_center":true,"ir_right":false,"rf_rssi":-70,"timestamp":125654}
aethernet/rover/telemetry {"left_pwm":-255,"right_pwm":-216,"ultrasonic_cm":26,"ir_left":false,"ir_center":true,"ir_right":false,"rf_rssi":-70,"timestamp":126038}
aethernet/rover/telemetry {"left_pwm":-255,"right_pwm":-216,"ultrasonic_cm":26,"ir_left":false,"ir_center":true,"ir_right":false,"rf_rssi":-70,"timestamp":126052}
aethernet/rover/telemetry {"left_pwm":-255,"right_pwm":-223,"ultrasonic_cm":25,"ir_left":false,"ir_center":true,"ir_right":false,"rf_rssi":-70,"timestamp":126066}
aethernet/rover/telemetry {"left_pwm":-255,"right_pwm":-228,"ultrasonic_cm":25,"ir_left":false,"ir_center":true,"ir_right":false,"rf_rssi":-70,"timestamp":126080}
aethernet/rover/telemetry {"left_pwm":-255,"right_pwm":-231,"ultrasonic_cm":25,"ir_left":false,"ir_center":true,"ir_right":false,"rf_rssi":-70,"timestamp":126094}
aethernet/rover/telemetry {"left_pwm":-255,"right_pwm":-233,"ultrasonic_cm":25,"ir_left":false,"ir_center":true,"ir_right":false,"rf_rssi":-70,"timestamp":126108}
aethernet/rover/telemetry {"left_pwm":-255,"right_pwm":-233,"ultrasonic_cm":25,"ir_left":false,"ir_center":true,"ir_right":false,"rf_rssi":-70,"timestamp":126122}
aethernet/rover/telemetry {"left_pwm":-255,"right_pwm":-236,"ultrasonic_cm":25,"ir_left":false,"ir_center":true,"ir_right":false,"rf_rssi":-70,"timestamp":126136}
aethernet/rover/telemetry {"left_pwm":-255,"right_pwm":-239,"ultrasonic_cm":25,"ir_left":false,"ir_center":true,"ir_right":false,"rf_rssi":-70,"timestamp":126170}
aethernet/rover/telemetry {"left_pwm":-255,"right_pwm":-242,"ultrasonic_cm":25,"ir_left":false,"ir_center":true,"ir_right":false,"rf_rssi":-70,"timestamp":126344}
aethernet/rover/telemetry {"left_pwm":-255,"right_pwm":-243,"ultrasonic_cm":25,"ir_left":false,"ir_center":true,"ir_right":false,"rf_rssi":-70,"timestamp":126358}
aethernet/rover/telemetry {"left_pwm":-255,"right_pwm":-244,"ultrasonic_cm":25,"ir_left":false,"ir_center":true,"ir_right":false,"rf_rssi":-70,"timestamp":126372}
aethernet/rover/telemetry {"left_pwm":-255,"right_pwm":-245,"ultrasonic_cm":25,"ir_left":false,"ir_center":true,"ir_right":false,"rf_rssi":-70,"timestamp":126396}
aethernet/rover/telemetry {"left_pwm":-255,"right_pwm":-247,"ultrasonic_cm":25,"ir_left":false,"ir_center":true,"ir_right":false,"rf_rssi":-70,"timestamp":126650}
aethernet/rover/telemetry {"left_pwm":-255,"right_pwm":-248,"ultrasonic_cm":25,"ir_left":false,"ir_center":true,"ir_right":false,"rf_rssi":-70,"timestamp":126665}
aethernet/rover/telemetry {"left_pwm":-255,"right_pwm":-249,"ultrasonic_cm":25,"ir_left":false,"ir_center":true,"ir_right":false,"rf_rssi":-70,"timestamp":126679}
aethernet/rover/telemetry {"left_pwm":-255,"right_pwm":-249,"ultrasonic_cm":25,"ir_left":false,"ir_center":true,"ir_right":false,"rf_rssi":-70,"timestamp":126693}
